Model Technology ModelSim SE-64 vlog 10.7c Compiler 2018.08 Aug 17 2018
Start time: 07:34:45 on Dec 07,2020
vlog -l task1.rtl-vlog.rpt -sv "+acc=rnp" task1_ag.sv task1.sv vga-core/vga_adapter_hacky.sv 
-- Compiling module task1_ag
-- Compiling module drawline
-- Compiling module task1
-- Compiling module vga_adapter

Top level modules:
	task1_ag
End time: 07:34:46 on Dec 07,2020, Elapsed time: 0:00:01
Errors: 0, Warnings: 0
Reading pref.tcl

# 10.7c

# vsim -l task1.rtl-vsim.rpt -c -do "vcd file task1.rtl.vcd;vcd add -r /task1_ag/dut/*;run -all;quit" task1_ag 
# Start time: 07:34:53 on Dec 07,2020
# ** Note: (vsim-3812) Design is being optimized...
# //  ModelSim SE-64 10.7c Aug 17 2018Linux 3.10.0-957.27.2.el7.x86_64
# //
# //  Copyright 1991-2018 Mentor Graphics Corporation
# //  All Rights Reserved.
# //
# //  ModelSim SE-64 and its associated documentation contain trade
# //  secrets and commercial or financial information that are the property of
# //  Mentor Graphics Corporation and are privileged, confidential,
# //  and exempt from disclosure under the Freedom of Information Act,
# //  5 U.S.C. Section 552. Furthermore, this information
# //  is prohibited from disclosure under the Trade Secrets Act,
# //  18 U.S.C. Section 1905.
# //
# Loading sv_std.std
# Loading work.task1_ag(fast)
# Loading work.task1(fast)
# Loading work.drawline(fast)
# Loading work.vga_adapter(fast)
# vcd file task1.rtl.vcd
# vcd add -r /task1_ag/dut/*
# run -all
# ** Warning: (vsim-PLI-3110) $dumpfile : This task can be called only once. Please use $fdumpfile()
# for multiple files.
#    Time: 0 ns  Iteration: 0  Process: /task1_ag/#INITIAL#96 File: task1_ag.sv Line: 98
# msg: Fails if LEDR[0] does not change from 0 to 1.
# VGA unknown RESET
# PASSED at t=11
# msg: Fails if drawline() instance not created or LEDR[1] does not change from 0 to 1.
# PASSED at t=550
# msg: Fails if drawline() inputs are not set up correctly.
# PASSED at t=550
# msg: Fails if vga_adapter() outputs are not set up correctly.
# RGB output expected 11101010 10011001 1100110
# RGB output observed 11101010 10011001 1100110
# PASSED at t=557
# msg: Fails if vga_adapter() RED pixel outputs are incorrect.
# PASSED at t=384550
# printing screen contents (digit=colour written, '.' = not written)
# row 119: ................................................................................................................................................................
# row 118: ................................................................................................................................................................
# row 117: ................................................................................................................................................................
# row 116: ................................................................................................................................................................
# row 115: ................................................................................................................................................................
# row 114: ................................................................................................................................................................
# row 113: ................................................................................................................................................................
# row 112: ................................................................................................................................................................
# row 111: ................................................................................................................................................................
# row 110: ................................................................................................................................................................
# row 109: ................................................................................................................................................................
# row 108: ................................................................................................................................................................
# row 107: ................................................................................................................................................................
# row 106: ................................................................................................................................................................
# row 105: ................................................................................................................................................................
# row 104: ................................................................................................................................................................
# row 103: ................................................................................................................................................................
# row 102: ................................................................................................................................................................
# row 101: ................................................................................................................................................................
# row 100: ................................................................................................................................................................
# row  99: ................................................................................................................................................................
# row  98: ................................................................................................................................................................
# row  97: ................................................................................................................................................................
# row  96: ................................................................................................................................................................
# row  95: ................................................................................................................................................................
# row  94: ................................................................................................................................................................
# row  93: ................................................................................................................................................................
# row  92: ................................................................................................................................................................
# row  91: ................................................................................................................................................................
# row  90: ................................................................................4...............................................................................
# row  89: ...............................................................................4................................................................................
# row  88: ..............................................................................4.................................................................................
# row  87: ..............................................................................4.................................................................................
# row  86: .............................................................................4..................................................................................
# row  85: ............................................................................4...................................................................................
# row  84: ...........................................................................4....................................................................................
# row  83: ..........................................................................4.....................................................................................
# row  82: ..........................................................................4.....................................................................................
# row  81: .........................................................................4......................................................................................
# row  80: ........................................................................4.......................................................................................
# row  79: .......................................................................4........................................................................................
# row  78: ......................................................................4.........................................................................................
# row  77: ......................................................................4.........................................................................................
# row  76: .....................................................................4..........................................................................................
# row  75: ....................................................................4...........................................................................................
# row  74: ...................................................................4............................................................................................
# row  73: ..................................................................4.............................................................................................
# row  72: ..................................................................4.............................................................................................
# row  71: .................................................................4..............................................................................................
# row  70: ................................................................4...............................................................................................
# row  69: ...............................................................4................................................................................................
# row  68: ..............................................................4.................................................................................................
# row  67: ..............................................................4.................................................................................................
# row  66: .............................................................4..................................................................................................
# row  65: ............................................................4...................................................................................................
# row  64: ................................................................................................................................................................
# row  63: ................................................................................................................................................................
# row  62: ................................................................................................................................................................
# row  61: ................................................................................................................................................................
# row  60: ................................................................................................................................................................
# row  59: ................................................................................................................................................................
# row  58: ................................................................................................................................................................
# row  57: ................................................................................................................................................................
# row  56: ................................................................................................................................................................
# row  55: ................................................................................................................................................................
# row  54: ................................................................................................................................................................
# row  53: ................................................................................................................................................................
# row  52: ................................................................................................................................................................
# row  51: ................................................................................................................................................................
# row  50: ................................................................................................................................................................
# row  49: ................................................................................................................................................................
# row  48: ................................................................................................................................................................
# row  47: ................................................................................................................................................................
# row  46: ................................................................................................................................................................
# row  45: ................................................................................................................................................................
# row  44: ................................................................................................................................................................
# row  43: ................................................................................................................................................................
# row  42: ................................................................................................................................................................
# row  41: ................................................................................................................................................................
# row  40: ................................................................................................................................................................
# row  39: ................................................................................................................................................................
# row  38: ................................................................................................................................................................
# row  37: ................................................................................................................................................................
# row  36: ................................................................................................................................................................
# row  35: ................................................................................................................................................................
# row  34: ................................................................................................................................................................
# row  33: ................................................................................................................................................................
# row  32: ................................................................................................................................................................
# row  31: ................................................................................................................................................................
# row  30: ................................................................................................................................................................
# row  29: ................................................................................................................................................................
# row  28: ................................................................................................................................................................
# row  27: ................................................................................................................................................................
# row  26: ................................................................................................................................................................
# row  25: ................................................................................................................................................................
# row  24: ................................................................................................................................................................
# row  23: ................................................................................................................................................................
# row  22: ................................................................................................................................................................
# row  21: ................................................................................................................................................................
# row  20: ................................................................................................................................................................
# row  19: ................................................................................................................................................................
# row  18: ................................................................................................................................................................
# row  17: ................................................................................................................................................................
# row  16: ................................................................................................................................................................
# row  15: ................................................................................................................................................................
# row  14: ................................................................................................................................................................
# row  13: ................................................................................................................................................................
# row  12: ................................................................................................................................................................
# row  11: ................................................................................................................................................................
# row  10: ................................................................................................................................................................
# row   9: ................................................................................................................................................................
# row   8: ................................................................................................................................................................
# row   7: ................................................................................................................................................................
# row   6: ................................................................................................................................................................
# row   5: ................................................................................................................................................................
# row   4: ................................................................................................................................................................
# row   3: ................................................................................................................................................................
# row   2: ................................................................................................................................................................
# row   1: ................................................................................................................................................................
# row   0: ................................................................................................................................................................
# Final result 5/5
# NUM_PASS 5 / 5
# FINAL_MARK 5
# ** Note: $finish    : task1_ag.sv(312)
#    Time: 384630 ns  Iteration: 0  Instance: /task1_ag
# End time: 07:34:57 on Dec 07,2020, Elapsed time: 0:00:04
# Errors: 0, Warnings: 1
