Model Technology ModelSim SE-64 vlog 10.7c Compiler 2018.08 Aug 17 2018
Start time: 07:34:58 on Dec 07,2020
vlog -l drawline.rtl-vlog.rpt -sv "+acc=rnp" drawline_ag.sv drawline.sv vga-core/vga_adapter_hacky.sv 
-- Compiling module drawline_ag
-- Compiling module real_drawline
-- Compiling module drawline
-- Compiling module vga_adapter

Top level modules:
	drawline_ag
End time: 07:34:58 on Dec 07,2020, Elapsed time: 0:00:00
Errors: 0, Warnings: 0
Reading pref.tcl

# 10.7c

# vsim -l drawline.rtl-vsim.rpt -c -do "vcd file drawline.rtl.vcd;vcd add -r /drawline_ag/dut/*;run -all;quit" drawline_ag 
# Start time: 07:35:12 on Dec 07,2020
# ** Note: (vsim-3812) Design is being optimized...
# //  ModelSim SE-64 10.7c Aug 17 2018Linux 3.10.0-957.27.2.el7.x86_64
# //
# //  Copyright 1991-2018 Mentor Graphics Corporation
# //  All Rights Reserved.
# //
# //  ModelSim SE-64 and its associated documentation contain trade
# //  secrets and commercial or financial information that are the property of
# //  Mentor Graphics Corporation and are privileged, confidential,
# //  and exempt from disclosure under the Freedom of Information Act,
# //  5 U.S.C. Section 552. Furthermore, this information
# //  is prohibited from disclosure under the Trade Secrets Act,
# //  18 U.S.C. Section 1905.
# //
# Loading sv_std.std
# Loading work.drawline_ag(fast)
# Loading work.drawline(fast)
# Loading work.real_drawline(fast)
# Loading work.vga_adapter(fast)
# Loading work.vga_adapter(fast__1)
# vcd file drawline.rtl.vcd
# vcd add -r /drawline_ag/dut/*
# run -all
# ** Warning: (vsim-PLI-3110) $dumpfile : This task can be called only once. Please use $fdumpfile()
# for multiple files.
#    Time: 0 ps  Iteration: 0  Process: /drawline_ag/#INITIAL#144 File: drawline_ag.sv Line: 146
# Mark 1
# msg: Mark 1 fails if code fails to compile or simulates with errors.
# PASSED at t=0
# Mark 2
# msg: Mark 2: fails if reset is asynchronous or vga_plot is not initialized to 0 after reset
# VGA REF RESET
# VGA DUT RESET
# VGA REF RESET
# VGA DUT RESET
# PASSED at t=20
# Mark 3
# msg: Mark 3: fails if done is not asserted within 1 to 19201 cycles after start has been asserted
# VGA REF PLOT 59,20 4 4 1
# VGA DUT PLOT 59,20 4 4 1
# VGA REF PLOT 58,21 4 4 2
# VGA DUT PLOT 58,21 4 4 2
# VGA REF PLOT 57,21 4 4 3
# VGA DUT PLOT 57,21 4 4 3
# VGA REF PLOT 56,22 4 4 4
# VGA DUT PLOT 56,22 4 4 4
# VGA REF PLOT 55,22 4 4 5
# VGA DUT PLOT 55,22 4 4 5
# VGA REF PLOT 54,23 4 4 6
# VGA DUT PLOT 54,23 4 4 6
# VGA REF PLOT 53,23 4 4 7
# VGA DUT PLOT 53,23 4 4 7
# VGA REF PLOT 52,24 4 4 8
# VGA DUT PLOT 52,24 4 4 8
# VGA REF PLOT 51,24 4 4 9
# VGA DUT PLOT 51,24 4 4 9
# VGA REF PLOT 50,25 4 4 10
# VGA DUT PLOT 50,25 4 4 10
# PASSED at t=384100
# msg: Mark 4: fails if start/done handshake not working
# VGA REF RESET
# VGA DUT RESET
# VGA REF RESET
# VGA DUT RESET
# VGA REF RESET
# VGA DUT RESET
# VGA REF RESET
# VGA DUT RESET
# VGA REF PLOT 59,20 4 4 1
# VGA DUT PLOT 59,20 4 4 1
# VGA REF PLOT 58,21 4 4 2
# VGA DUT PLOT 58,21 4 4 2
# VGA REF PLOT 57,21 4 4 3
# VGA DUT PLOT 57,21 4 4 3
# VGA REF PLOT 56,22 4 4 4
# VGA DUT PLOT 56,22 4 4 4
# VGA REF PLOT 55,22 4 4 5
# VGA DUT PLOT 55,22 4 4 5
# VGA REF PLOT 54,23 4 4 6
# VGA DUT PLOT 54,23 4 4 6
# VGA REF PLOT 53,23 4 4 7
# VGA DUT PLOT 53,23 4 4 7
# VGA REF PLOT 52,24 4 4 8
# VGA DUT PLOT 52,24 4 4 8
# VGA REF PLOT 51,24 4 4 9
# VGA DUT PLOT 51,24 4 4 9
# VGA REF PLOT 50,25 4 4 10
# VGA DUT PLOT 50,25 4 4 10
# VGA REF PLOT 59,25 4 4 11
# VGA DUT PLOT 59,25 4 4 11
# VGA REF PLOT 58,24 4 4 12
# VGA DUT PLOT 58,24 4 4 12
# VGA REF PLOT 57,24 4 4 13
# VGA DUT PLOT 57,24 4 4 13
# VGA REF PLOT 56,23 4 4 14
# VGA DUT PLOT 56,23 4 4 14
# VGA REF PLOT 55,23 4 4 15
# VGA DUT PLOT 55,23 4 4 15
# VGA REF PLOT no longer printing after 15 pixels plotted
# VGA DUT PLOT no longer printing after 15 pixels plotted
# PASSED at t=1152280
# msg: Mark 5: plotting the first pixel at (59,25)
# VGA REF RESET
# VGA DUT RESET
# VGA REF RESET
# VGA DUT RESET
# VGA REF RESET
# VGA DUT RESET
# VGA REF RESET
# VGA DUT RESET
# VGA REF PLOT 59,25 4 4 1
# VGA DUT PLOT 59,25 4 4 1
# VGA REF PLOT 58,24 4 4 2
# VGA DUT PLOT 58,24 4 4 2
# PASSED at t=1152400
# msg: Mark 6: drawing a straight line (using any algorithm) from (x0,y0) to (x1,y1)
# pixel_count 10, time_budget 12
# VGA REF RESET
# VGA DUT RESET
# VGA REF RESET
# VGA DUT RESET
# VGA REF RESET
# VGA DUT RESET
# VGA REF RESET
# VGA DUT RESET
# VGA REF PLOT 59,25 4 4 1
# VGA DUT PLOT 59,25 4 4 1
# VGA REF PLOT 58,24 4 4 2
# VGA DUT PLOT 58,24 4 4 2
# VGA REF PLOT 57,24 4 4 3
# VGA DUT PLOT 57,24 4 4 3
# VGA REF PLOT 56,23 4 4 4
# VGA DUT PLOT 56,23 4 4 4
# VGA REF PLOT 55,23 4 4 5
# VGA DUT PLOT 55,23 4 4 5
# VGA REF PLOT 54,22 4 4 6
# VGA DUT PLOT 54,22 4 4 6
# VGA REF PLOT 53,22 4 4 7
# VGA DUT PLOT 53,22 4 4 7
# VGA REF PLOT 52,21 4 4 8
# VGA DUT PLOT 52,21 4 4 8
# VGA REF PLOT 51,21 4 4 9
# VGA DUT PLOT 51,21 4 4 9
# VGA REF PLOT 50,20 4 4 10
# VGA DUT PLOT 50,20 4 4 10
# PASSED at t=1536520
# msg: Mark 7: plotting the first pixel at (59,25)
# VGA REF RESET
# VGA DUT RESET
# VGA REF RESET
# VGA DUT RESET
# VGA REF RESET
# VGA DUT RESET
# VGA REF RESET
# VGA DUT RESET
# VGA REF PLOT 59,25 4 4 1
# VGA DUT PLOT 59,25 4 4 1
# VGA REF PLOT 58,24 4 4 2
# VGA DUT PLOT 58,24 4 4 2
# PASSED at t=1536640
# msg: Mark 8: correctly writing only the precise pixels described by the above algorithm
# VGA REF RESET
# VGA DUT RESET
# VGA REF RESET
# VGA DUT RESET
# VGA REF RESET
# VGA DUT RESET
# VGA REF RESET
# VGA DUT RESET
# PASSED at t=1536702
# msg: Mark 9: drawing the line within twice the target time budget
# pixel_count 10, time_budget 12
# PASSED at t=1536702
# msg: Mark 10: drawing the line within the target time budget
# pixel_count 10, time_budget 12
# PASSED at t=1536702
# printing screen contents (digit=colour written, '.' = not written)
# row 119: ................................................................................................................................................................
# row 118: ................................................................................................................................................................
# row 117: ................................................................................................................................................................
# row 116: ................................................................................................................................................................
# row 115: ................................................................................................................................................................
# row 114: ................................................................................................................................................................
# row 113: ................................................................................................................................................................
# row 112: ................................................................................................................................................................
# row 111: ................................................................................................................................................................
# row 110: ................................................................................................................................................................
# row 109: ................................................................................................................................................................
# row 108: ................................................................................................................................................................
# row 107: ................................................................................................................................................................
# row 106: ................................................................................................................................................................
# row 105: ................................................................................................................................................................
# row 104: ................................................................................................................................................................
# row 103: ................................................................................................................................................................
# row 102: ................................................................................................................................................................
# row 101: ................................................................................................................................................................
# row 100: ................................................................................................................................................................
# row  99: ................................................................................................................................................................
# row  98: ................................................................................................................................................................
# row  97: ................................................................................................................................................................
# row  96: ................................................................................................................................................................
# row  95: ................................................................................................................................................................
# row  94: ................................................................................................................................................................
# row  93: ................................................................................................................................................................
# row  92: ................................................................................................................................................................
# row  91: ................................................................................................................................................................
# row  90: ................................................................................................................................................................
# row  89: ................................................................................................................................................................
# row  88: ................................................................................................................................................................
# row  87: ................................................................................................................................................................
# row  86: ................................................................................................................................................................
# row  85: ................................................................................................................................................................
# row  84: ................................................................................................................................................................
# row  83: ................................................................................................................................................................
# row  82: ................................................................................................................................................................
# row  81: ................................................................................................................................................................
# row  80: ................................................................................................................................................................
# row  79: ................................................................................................................................................................
# row  78: ................................................................................................................................................................
# row  77: ................................................................................................................................................................
# row  76: ................................................................................................................................................................
# row  75: ................................................................................................................................................................
# row  74: ................................................................................................................................................................
# row  73: ................................................................................................................................................................
# row  72: ................................................................................................................................................................
# row  71: ................................................................................................................................................................
# row  70: ................................................................................................................................................................
# row  69: ................................................................................................................................................................
# row  68: ................................................................................................................................................................
# row  67: ................................................................................................................................................................
# row  66: ................................................................................................................................................................
# row  65: ................................................................................................................................................................
# row  64: ................................................................................................................................................................
# row  63: ................................................................................................................................................................
# row  62: ................................................................................................................................................................
# row  61: ................................................................................................................................................................
# row  60: ................................................................................................................................................................
# row  59: ................................................................................................................................................................
# row  58: ................................................................................................................................................................
# row  57: ................................................................................................................................................................
# row  56: ................................................................................................................................................................
# row  55: ................................................................................................................................................................
# row  54: ................................................................................................................................................................
# row  53: ................................................................................................................................................................
# row  52: ................................................................................................................................................................
# row  51: ................................................................................................................................................................
# row  50: ................................................................................................................................................................
# row  49: ................................................................................................................................................................
# row  48: ................................................................................................................................................................
# row  47: ................................................................................................................................................................
# row  46: ................................................................................................................................................................
# row  45: ................................................................................................................................................................
# row  44: ................................................................................................................................................................
# row  43: ................................................................................................................................................................
# row  42: ................................................................................................................................................................
# row  41: ................................................................................................................................................................
# row  40: ................................................................................................................................................................
# row  39: ................................................................................................................................................................
# row  38: ................................................................................................................................................................
# row  37: ................................................................................................................................................................
# row  36: ................................................................................................................................................................
# row  35: ................................................................................................................................................................
# row  34: ................................................................................................................................................................
# row  33: ................................................................................................................................................................
# row  32: ................................................................................................................................................................
# row  31: ................................................................................................................................................................
# row  30: ................................................................................................................................................................
# row  29: ................................................................................................................................................................
# row  28: ................................................................................................................................................................
# row  27: ................................................................................................................................................................
# row  26: ................................................................................................................................................................
# row  25: ..................................................4........4....................................................................................................
# row  24: ...................................................44....44.....................................................................................................
# row  23: .....................................................4444.......................................................................................................
# row  22: .....................................................4444.......................................................................................................
# row  21: ...................................................44....44.....................................................................................................
# row  20: ..................................................4........4....................................................................................................
# row  19: ................................................................................................................................................................
# row  18: ................................................................................................................................................................
# row  17: ................................................................................................................................................................
# row  16: ................................................................................................................................................................
# row  15: ................................................................................................................................................................
# row  14: ................................................................................................................................................................
# row  13: ................................................................................................................................................................
# row  12: ................................................................................................................................................................
# row  11: ................................................................................................................................................................
# row  10: ................................................................................................................................................................
# row   9: ................................................................................................................................................................
# row   8: ................................................................................................................................................................
# row   7: ................................................................................................................................................................
# row   6: ................................................................................................................................................................
# row   5: ................................................................................................................................................................
# row   4: ................................................................................................................................................................
# row   3: ................................................................................................................................................................
# row   2: ................................................................................................................................................................
# row   1: ................................................................................................................................................................
# row   0: ................................................................................................................................................................
# Final result 10/10
# NUM_PASS 10 / 10
# FINAL_MARK 10
# ** Note: $finish    : drawline_ag.sv(349)
#    Time: 1536702 ps  Iteration: 0  Instance: /drawline_ag
# End time: 07:35:16 on Dec 07,2020, Elapsed time: 0:00:04
# Errors: 0, Warnings: 1
