Model Technology ModelSim SE-64 vlog 10.7c Compiler 2018.08 Aug 17 2018
Start time: 10:29:03 on Nov 17,2020
vlog -l crack.gate-vlog.rpt -sv "+define+AG_NETLIST" "+acc=rnp" crack_ag.sv simulation/modelsim/crack.vo memories/s_mem.v memories/pt_mem.v memories/ct_mem.v 
-- Compiling module crack_ag
-- Compiling module crack
-- Compiling module s_mem
-- Compiling module pt_mem
-- Compiling module ct_mem

Top level modules:
	crack_ag
	s_mem
	pt_mem
	ct_mem
End time: 10:29:05 on Nov 17,2020, Elapsed time: 0:00:02
Errors: 0, Warnings: 0
Reading pref.tcl

# 10.7c

# vsim -l crack.gate-vsim.rpt -t 1ps -L /ubc/ece/home/gl/grads/carolinew/intelFPGA_lite/19.1/modelsim_ase/altera/verilog/altera_mf -L /ubc/ece/home/gl/grads/carolinew/intelFPGA_lite/19.1/modelsim_ase/altera/verilog/altera_lnsim -L /ubc/ece/home/gl/grads/carolinew/intelFPGA_lite/19.1/modelsim_ase/altera/verilog/altera -L /ubc/ece/home/gl/grads/carolinew/intelFPGA_lite/19.1/modelsim_ase/altera/verilog/cyclonev -c -do "vcd file crack.gate.vcd;vcd add -r /crack_ag/dut/*;run -all;quit" crack_ag 
# Start time: 10:29:17 on Nov 17,2020
# ** Note: (vsim-3812) Design is being optimized...
# ** Warning: simulation/modelsim/crack.vo(10815): (vopt-2685) [TFMPC] - Too few port connections for 'altera_internal_jtag'.  Expected 21, found 14.
# ** Warning: simulation/modelsim/crack.vo(10815): (vopt-2718) [TFMPC] - Missing connection for port 'tdocore'.
# ** Warning: simulation/modelsim/crack.vo(10815): (vopt-2718) [TFMPC] - Missing connection for port 'tmscore'.
# ** Warning: simulation/modelsim/crack.vo(10815): (vopt-2718) [TFMPC] - Missing connection for port 'tdicore'.
# ** Warning: simulation/modelsim/crack.vo(10815): (vopt-2718) [TFMPC] - Missing connection for port 'tckcore'.
# ** Warning: simulation/modelsim/crack.vo(10815): (vopt-2718) [TFMPC] - Missing connection for port 'ntdopinena'.
# ** Warning: simulation/modelsim/crack.vo(10815): (vopt-2718) [TFMPC] - Missing connection for port 'corectl'.
# ** Warning: simulation/modelsim/crack.vo(10815): (vopt-2718) [TFMPC] - Missing connection for port 'ntrst'.
# ** Warning: crack_ag.sv(32): (vopt-2685) [TFMPC] - Too few port connections for 'dut'.  Expected 12, found 8.
# ** Warning: crack_ag.sv(32): (vopt-2718) [TFMPC] - Missing connection for port 'altera_reserved_tdo'.
# ** Warning: crack_ag.sv(32): (vopt-2718) [TFMPC] - Missing connection for port 'altera_reserved_tdi'.
# ** Warning: crack_ag.sv(32): (vopt-2718) [TFMPC] - Missing connection for port 'altera_reserved_tck'.
# ** Warning: crack_ag.sv(32): (vopt-2718) [TFMPC] - Missing connection for port 'altera_reserved_tms'.
# //  ModelSim SE-64 10.7c Aug 17 2018Linux 3.10.0-957.27.2.el7.x86_64
# //
# //  Copyright 1991-2018 Mentor Graphics Corporation
# //  All Rights Reserved.
# //
# //  ModelSim SE-64 and its associated documentation contain trade
# //  secrets and commercial or financial information that are the property of
# //  Mentor Graphics Corporation and are privileged, confidential,
# //  and exempt from disclosure under the Freedom of Information Act,
# //  5 U.S.C. Section 552. Furthermore, this information
# //  is prohibited from disclosure under the Trade Secrets Act,
# //  18 U.S.C. Section 1905.
# //
# Loading sv_std.std
# Loading work.crack_ag(fast)
# Loading work.crack(fast)
# Loading /ubc/ece/home/gl/grads/carolinew/intelFPGA_lite/19.1/modelsim_ase/altera/verilog/altera.dffeas(fast)
# Loading /ubc/ece/home/gl/grads/carolinew/intelFPGA_lite/19.1/modelsim_ase/altera/verilog/cyclonev.cyclonev_lcell_comb(fast)
# Loading /ubc/ece/home/gl/grads/carolinew/intelFPGA_lite/19.1/modelsim_ase/altera/verilog/cyclonev.cyclonev_lcell_comb(fast__1)
# Loading /ubc/ece/home/gl/grads/carolinew/intelFPGA_lite/19.1/modelsim_ase/altera/verilog/cyclonev.cyclonev_lcell_comb(fast__2)
# Loading /ubc/ece/home/gl/grads/carolinew/intelFPGA_lite/19.1/modelsim_ase/altera/verilog/cyclonev.cyclonev_lcell_comb(fast__3)
# Loading /ubc/ece/home/gl/grads/carolinew/intelFPGA_lite/19.1/modelsim_ase/altera/verilog/cyclonev.cyclonev_io_obuf(fast)
# Loading /ubc/ece/home/gl/grads/carolinew/intelFPGA_lite/19.1/modelsim_ase/altera/verilog/cyclonev.cyclonev_io_ibuf(fast)
# Loading /ubc/ece/home/gl/grads/carolinew/intelFPGA_lite/19.1/modelsim_ase/altera/verilog/cyclonev.cyclonev_clkena(fast)
# Loading /ubc/ece/home/gl/grads/carolinew/intelFPGA_lite/19.1/modelsim_ase/altera/verilog/cyclonev.cyclonev_lcell_comb(fast__4)
# Loading /ubc/ece/home/gl/grads/carolinew/intelFPGA_lite/19.1/modelsim_ase/altera/verilog/cyclonev.cyclonev_lcell_comb(fast__5)
# Loading /ubc/ece/home/gl/grads/carolinew/intelFPGA_lite/19.1/modelsim_ase/altera/verilog/cyclonev.cyclonev_lcell_comb(fast__6)
# Loading /ubc/ece/home/gl/grads/carolinew/intelFPGA_lite/19.1/modelsim_ase/altera/verilog/cyclonev.cyclonev_lcell_comb(fast__7)
# Loading /ubc/ece/home/gl/grads/carolinew/intelFPGA_lite/19.1/modelsim_ase/altera/verilog/cyclonev.cyclonev_lcell_comb(fast__8)
# Loading /ubc/ece/home/gl/grads/carolinew/intelFPGA_lite/19.1/modelsim_ase/altera/verilog/cyclonev.cyclonev_lcell_comb(fast__9)
# Loading /ubc/ece/home/gl/grads/carolinew/intelFPGA_lite/19.1/modelsim_ase/altera/verilog/cyclonev.cyclonev_lcell_comb(fast__10)
# Loading /ubc/ece/home/gl/grads/carolinew/intelFPGA_lite/19.1/modelsim_ase/altera/verilog/cyclonev.cyclonev_lcell_comb(fast__11)
# Loading /ubc/ece/home/gl/grads/carolinew/intelFPGA_lite/19.1/modelsim_ase/altera/verilog/cyclonev.cyclonev_lcell_comb(fast__12)
# Loading /ubc/ece/home/gl/grads/carolinew/intelFPGA_lite/19.1/modelsim_ase/altera/verilog/cyclonev.cyclonev_lcell_comb(fast__13)
# Loading /ubc/ece/home/gl/grads/carolinew/intelFPGA_lite/19.1/modelsim_ase/altera/verilog/cyclonev.cyclonev_lcell_comb(fast__14)
# Loading /ubc/ece/home/gl/grads/carolinew/intelFPGA_lite/19.1/modelsim_ase/altera/verilog/cyclonev.cyclonev_lcell_comb(fast__15)
# Loading /ubc/ece/home/gl/grads/carolinew/intelFPGA_lite/19.1/modelsim_ase/altera/verilog/cyclonev.cyclonev_lcell_comb(fast__16)
# Loading /ubc/ece/home/gl/grads/carolinew/intelFPGA_lite/19.1/modelsim_ase/altera/verilog/cyclonev.cyclonev_lcell_comb(fast__17)
# Loading /ubc/ece/home/gl/grads/carolinew/intelFPGA_lite/19.1/modelsim_ase/altera/verilog/cyclonev.cyclonev_lcell_comb(fast__18)
# Loading /ubc/ece/home/gl/grads/carolinew/intelFPGA_lite/19.1/modelsim_ase/altera/verilog/cyclonev.cyclonev_lcell_comb(fast__19)
# Loading /ubc/ece/home/gl/grads/carolinew/intelFPGA_lite/19.1/modelsim_ase/altera/verilog/cyclonev.cyclonev_lcell_comb(fast__20)
# Loading /ubc/ece/home/gl/grads/carolinew/intelFPGA_lite/19.1/modelsim_ase/altera/verilog/cyclonev.cyclonev_lcell_comb(fast__21)
# Loading /ubc/ece/home/gl/grads/carolinew/intelFPGA_lite/19.1/modelsim_ase/altera/verilog/cyclonev.cyclonev_lcell_comb(fast__22)
# Loading /ubc/ece/home/gl/grads/carolinew/intelFPGA_lite/19.1/modelsim_ase/altera/verilog/cyclonev.cyclonev_lcell_comb(fast__23)
# Loading /ubc/ece/home/gl/grads/carolinew/intelFPGA_lite/19.1/modelsim_ase/altera/verilog/cyclonev.cyclonev_lcell_comb(fast__24)
# Loading /ubc/ece/home/gl/grads/carolinew/intelFPGA_lite/19.1/modelsim_ase/altera/verilog/cyclonev.cyclonev_lcell_comb(fast__25)
# Loading /ubc/ece/home/gl/grads/carolinew/intelFPGA_lite/19.1/modelsim_ase/altera/verilog/cyclonev.cyclonev_lcell_comb(fast__26)
# Loading /ubc/ece/home/gl/grads/carolinew/intelFPGA_lite/19.1/modelsim_ase/altera/verilog/cyclonev.cyclonev_lcell_comb(fast__27)
# Loading /ubc/ece/home/gl/grads/carolinew/intelFPGA_lite/19.1/modelsim_ase/altera/verilog/cyclonev.cyclonev_lcell_comb(fast__28)
# Loading /ubc/ece/home/gl/grads/carolinew/intelFPGA_lite/19.1/modelsim_ase/altera/verilog/cyclonev.cyclonev_lcell_comb(fast__29)
# Loading /ubc/ece/home/gl/grads/carolinew/intelFPGA_lite/19.1/modelsim_ase/altera/verilog/cyclonev.cyclonev_lcell_comb(fast__30)
# Loading /ubc/ece/home/gl/grads/carolinew/intelFPGA_lite/19.1/modelsim_ase/altera/verilog/cyclonev.cyclonev_lcell_comb(fast__31)
# Loading /ubc/ece/home/gl/grads/carolinew/intelFPGA_lite/19.1/modelsim_ase/altera/verilog/cyclonev.cyclonev_lcell_comb(fast__32)
# Loading /ubc/ece/home/gl/grads/carolinew/intelFPGA_lite/19.1/modelsim_ase/altera/verilog/cyclonev.cyclonev_lcell_comb(fast__33)
# Loading /ubc/ece/home/gl/grads/carolinew/intelFPGA_lite/19.1/modelsim_ase/altera/verilog/cyclonev.cyclonev_lcell_comb(fast__34)
# Loading /ubc/ece/home/gl/grads/carolinew/intelFPGA_lite/19.1/modelsim_ase/altera/verilog/cyclonev.cyclonev_lcell_comb(fast__35)
# Loading /ubc/ece/home/gl/grads/carolinew/intelFPGA_lite/19.1/modelsim_ase/altera/verilog/cyclonev.cyclonev_lcell_comb(fast__36)
# Loading /ubc/ece/home/gl/grads/carolinew/intelFPGA_lite/19.1/modelsim_ase/altera/verilog/cyclonev.cyclonev_lcell_comb(fast__37)
# Loading /ubc/ece/home/gl/grads/carolinew/intelFPGA_lite/19.1/modelsim_ase/altera/verilog/cyclonev.cyclonev_lcell_comb(fast__38)
# Loading /ubc/ece/home/gl/grads/carolinew/intelFPGA_lite/19.1/modelsim_ase/altera/verilog/cyclonev.cyclonev_lcell_comb(fast__39)
# Loading /ubc/ece/home/gl/grads/carolinew/intelFPGA_lite/19.1/modelsim_ase/altera/verilog/cyclonev.cyclonev_lcell_comb(fast__40)
# Loading /ubc/ece/home/gl/grads/carolinew/intelFPGA_lite/19.1/modelsim_ase/altera/verilog/cyclonev.cyclonev_lcell_comb(fast__41)
# Loading /ubc/ece/home/gl/grads/carolinew/intelFPGA_lite/19.1/modelsim_ase/altera/verilog/cyclonev.cyclonev_lcell_comb(fast__42)
# Loading /ubc/ece/home/gl/grads/carolinew/intelFPGA_lite/19.1/modelsim_ase/altera/verilog/cyclonev.cyclonev_lcell_comb(fast__43)
# Loading /ubc/ece/home/gl/grads/carolinew/intelFPGA_lite/19.1/modelsim_ase/altera/verilog/cyclonev.cyclonev_lcell_comb(fast__44)
# Loading /ubc/ece/home/gl/grads/carolinew/intelFPGA_lite/19.1/modelsim_ase/altera/verilog/cyclonev.cyclonev_lcell_comb(fast__45)
# Loading /ubc/ece/home/gl/grads/carolinew/intelFPGA_lite/19.1/modelsim_ase/altera/verilog/cyclonev.cyclonev_lcell_comb(fast__46)
# Loading /ubc/ece/home/gl/grads/carolinew/intelFPGA_lite/19.1/modelsim_ase/altera/verilog/cyclonev.cyclonev_lcell_comb(fast__47)
# Loading /ubc/ece/home/gl/grads/carolinew/intelFPGA_lite/19.1/modelsim_ase/altera/verilog/cyclonev.cyclonev_lcell_comb(fast__48)
# Loading /ubc/ece/home/gl/grads/carolinew/intelFPGA_lite/19.1/modelsim_ase/altera/verilog/cyclonev.cyclonev_lcell_comb(fast__49)
# Loading /ubc/ece/home/gl/grads/carolinew/intelFPGA_lite/19.1/modelsim_ase/altera/verilog/cyclonev.cyclonev_lcell_comb(fast__50)
# Loading /ubc/ece/home/gl/grads/carolinew/intelFPGA_lite/19.1/modelsim_ase/altera/verilog/cyclonev.cyclonev_lcell_comb(fast__51)
# Loading /ubc/ece/home/gl/grads/carolinew/intelFPGA_lite/19.1/modelsim_ase/altera/verilog/cyclonev.cyclonev_lcell_comb(fast__52)
# Loading /ubc/ece/home/gl/grads/carolinew/intelFPGA_lite/19.1/modelsim_ase/altera/verilog/cyclonev.cyclonev_lcell_comb(fast__53)
# Loading /ubc/ece/home/gl/grads/carolinew/intelFPGA_lite/19.1/modelsim_ase/altera/verilog/cyclonev.cyclonev_lcell_comb(fast__54)
# Loading /ubc/ece/home/gl/grads/carolinew/intelFPGA_lite/19.1/modelsim_ase/altera/verilog/cyclonev.cyclonev_lcell_comb(fast__55)
# Loading /ubc/ece/home/gl/grads/carolinew/intelFPGA_lite/19.1/modelsim_ase/altera/verilog/cyclonev.cyclonev_lcell_comb(fast__56)
# Loading /ubc/ece/home/gl/grads/carolinew/intelFPGA_lite/19.1/modelsim_ase/altera/verilog/cyclonev.cyclonev_lcell_comb(fast__57)
# Loading /ubc/ece/home/gl/grads/carolinew/intelFPGA_lite/19.1/modelsim_ase/altera/verilog/cyclonev.cyclonev_lcell_comb(fast__58)
# Loading /ubc/ece/home/gl/grads/carolinew/intelFPGA_lite/19.1/modelsim_ase/altera/verilog/cyclonev.cyclonev_lcell_comb(fast__59)
# Loading /ubc/ece/home/gl/grads/carolinew/intelFPGA_lite/19.1/modelsim_ase/altera/verilog/cyclonev.cyclonev_lcell_comb(fast__60)
# Loading /ubc/ece/home/gl/grads/carolinew/intelFPGA_lite/19.1/modelsim_ase/altera/verilog/cyclonev.cyclonev_lcell_comb(fast__61)
# Loading /ubc/ece/home/gl/grads/carolinew/intelFPGA_lite/19.1/modelsim_ase/altera/verilog/cyclonev.cyclonev_lcell_comb(fast__62)
# Loading /ubc/ece/home/gl/grads/carolinew/intelFPGA_lite/19.1/modelsim_ase/altera/verilog/cyclonev.cyclonev_lcell_comb(fast__63)
# Loading /ubc/ece/home/gl/grads/carolinew/intelFPGA_lite/19.1/modelsim_ase/altera/verilog/cyclonev.cyclonev_lcell_comb(fast__64)
# Loading /ubc/ece/home/gl/grads/carolinew/intelFPGA_lite/19.1/modelsim_ase/altera/verilog/cyclonev.cyclonev_jtag(fast)
# Loading /ubc/ece/home/gl/grads/carolinew/intelFPGA_lite/19.1/modelsim_ase/altera/verilog/cyclonev.cyclonev_lcell_comb(fast__65)
# Loading /ubc/ece/home/gl/grads/carolinew/intelFPGA_lite/19.1/modelsim_ase/altera/verilog/cyclonev.cyclonev_lcell_comb(fast__66)
# Loading /ubc/ece/home/gl/grads/carolinew/intelFPGA_lite/19.1/modelsim_ase/altera/verilog/cyclonev.cyclonev_lcell_comb(fast__67)
# Loading /ubc/ece/home/gl/grads/carolinew/intelFPGA_lite/19.1/modelsim_ase/altera/verilog/cyclonev.cyclonev_lcell_comb(fast__68)
# Loading /ubc/ece/home/gl/grads/carolinew/intelFPGA_lite/19.1/modelsim_ase/altera/verilog/cyclonev.cyclonev_lcell_comb(fast__69)
# Loading /ubc/ece/home/gl/grads/carolinew/intelFPGA_lite/19.1/modelsim_ase/altera/verilog/cyclonev.cyclonev_lcell_comb(fast__70)
# Loading /ubc/ece/home/gl/grads/carolinew/intelFPGA_lite/19.1/modelsim_ase/altera/verilog/cyclonev.cyclonev_lcell_comb(fast__71)
# Loading /ubc/ece/home/gl/grads/carolinew/intelFPGA_lite/19.1/modelsim_ase/altera/verilog/cyclonev.cyclonev_lcell_comb(fast__72)
# Loading /ubc/ece/home/gl/grads/carolinew/intelFPGA_lite/19.1/modelsim_ase/altera/verilog/cyclonev.cyclonev_lcell_comb(fast__73)
# Loading /ubc/ece/home/gl/grads/carolinew/intelFPGA_lite/19.1/modelsim_ase/altera/verilog/cyclonev.cyclonev_lcell_comb(fast__74)
# Loading /ubc/ece/home/gl/grads/carolinew/intelFPGA_lite/19.1/modelsim_ase/altera/verilog/cyclonev.cyclonev_lcell_comb(fast__75)
# Loading /ubc/ece/home/gl/grads/carolinew/intelFPGA_lite/19.1/modelsim_ase/altera/verilog/cyclonev.cyclonev_lcell_comb(fast__76)
# Loading /ubc/ece/home/gl/grads/carolinew/intelFPGA_lite/19.1/modelsim_ase/altera/verilog/cyclonev.cyclonev_lcell_comb(fast__77)
# Loading /ubc/ece/home/gl/grads/carolinew/intelFPGA_lite/19.1/modelsim_ase/altera/verilog/cyclonev.cyclonev_lcell_comb(fast__78)
# Loading /ubc/ece/home/gl/grads/carolinew/intelFPGA_lite/19.1/modelsim_ase/altera/verilog/cyclonev.cyclonev_lcell_comb(fast__79)
# Loading /ubc/ece/home/gl/grads/carolinew/intelFPGA_lite/19.1/modelsim_ase/altera/verilog/cyclonev.cyclonev_lcell_comb(fast__80)
# Loading /ubc/ece/home/gl/grads/carolinew/intelFPGA_lite/19.1/modelsim_ase/altera/verilog/cyclonev.cyclonev_lcell_comb(fast__81)
# Loading /ubc/ece/home/gl/grads/carolinew/intelFPGA_lite/19.1/modelsim_ase/altera/verilog/cyclonev.cyclonev_lcell_comb(fast__82)
# Loading /ubc/ece/home/gl/grads/carolinew/intelFPGA_lite/19.1/modelsim_ase/altera/verilog/cyclonev.cyclonev_lcell_comb(fast__83)
# Loading /ubc/ece/home/gl/grads/carolinew/intelFPGA_lite/19.1/modelsim_ase/altera/verilog/cyclonev.cyclonev_lcell_comb(fast__84)
# Loading /ubc/ece/home/gl/grads/carolinew/intelFPGA_lite/19.1/modelsim_ase/altera/verilog/cyclonev.cyclonev_lcell_comb(fast__85)
# Loading /ubc/ece/home/gl/grads/carolinew/intelFPGA_lite/19.1/modelsim_ase/altera/verilog/cyclonev.cyclonev_lcell_comb(fast__86)
# Loading /ubc/ece/home/gl/grads/carolinew/intelFPGA_lite/19.1/modelsim_ase/altera/verilog/cyclonev.cyclonev_lcell_comb(fast__87)
# Loading /ubc/ece/home/gl/grads/carolinew/intelFPGA_lite/19.1/modelsim_ase/altera/verilog/cyclonev.cyclonev_lcell_comb(fast__88)
# Loading /ubc/ece/home/gl/grads/carolinew/intelFPGA_lite/19.1/modelsim_ase/altera/verilog/cyclonev.cyclonev_lcell_comb(fast__89)
# Loading /ubc/ece/home/gl/grads/carolinew/intelFPGA_lite/19.1/modelsim_ase/altera/verilog/cyclonev.cyclonev_lcell_comb(fast__90)
# Loading /ubc/ece/home/gl/grads/carolinew/intelFPGA_lite/19.1/modelsim_ase/altera/verilog/cyclonev.cyclonev_lcell_comb(fast__91)
# Loading /ubc/ece/home/gl/grads/carolinew/intelFPGA_lite/19.1/modelsim_ase/altera/verilog/cyclonev.cyclonev_lcell_comb(fast__92)
# Loading /ubc/ece/home/gl/grads/carolinew/intelFPGA_lite/19.1/modelsim_ase/altera/verilog/cyclonev.cyclonev_lcell_comb(fast__93)
# Loading /ubc/ece/home/gl/grads/carolinew/intelFPGA_lite/19.1/modelsim_ase/altera/verilog/cyclonev.cyclonev_lcell_comb(fast__94)
# Loading /ubc/ece/home/gl/grads/carolinew/intelFPGA_lite/19.1/modelsim_ase/altera/verilog/cyclonev.cyclonev_lcell_comb(fast__95)
# Loading /ubc/ece/home/gl/grads/carolinew/intelFPGA_lite/19.1/modelsim_ase/altera/verilog/cyclonev.cyclonev_lcell_comb(fast__96)
# Loading /ubc/ece/home/gl/grads/carolinew/intelFPGA_lite/19.1/modelsim_ase/altera/verilog/cyclonev.cyclonev_lcell_comb(fast__97)
# Loading /ubc/ece/home/gl/grads/carolinew/intelFPGA_lite/19.1/modelsim_ase/altera/verilog/cyclonev.cyclonev_lcell_comb(fast__98)
# Loading /ubc/ece/home/gl/grads/carolinew/intelFPGA_lite/19.1/modelsim_ase/altera/verilog/cyclonev.cyclonev_lcell_comb(fast__99)
# Loading /ubc/ece/home/gl/grads/carolinew/intelFPGA_lite/19.1/modelsim_ase/altera/verilog/cyclonev.cyclonev_lcell_comb(fast__100)
# Loading /ubc/ece/home/gl/grads/carolinew/intelFPGA_lite/19.1/modelsim_ase/altera/verilog/cyclonev.cyclonev_lcell_comb(fast__101)
# Loading /ubc/ece/home/gl/grads/carolinew/intelFPGA_lite/19.1/modelsim_ase/altera/verilog/cyclonev.cyclonev_lcell_comb(fast__102)
# Loading /ubc/ece/home/gl/grads/carolinew/intelFPGA_lite/19.1/modelsim_ase/altera/verilog/cyclonev.cyclonev_lcell_comb(fast__103)
# Loading /ubc/ece/home/gl/grads/carolinew/intelFPGA_lite/19.1/modelsim_ase/altera/verilog/cyclonev.cyclonev_lcell_comb(fast__104)
# Loading /ubc/ece/home/gl/grads/carolinew/intelFPGA_lite/19.1/modelsim_ase/altera/verilog/cyclonev.cyclonev_lcell_comb(fast__105)
# Loading /ubc/ece/home/gl/grads/carolinew/intelFPGA_lite/19.1/modelsim_ase/altera/verilog/cyclonev.cyclonev_lcell_comb(fast__106)
# Loading /ubc/ece/home/gl/grads/carolinew/intelFPGA_lite/19.1/modelsim_ase/altera/verilog/cyclonev.cyclonev_lcell_comb(fast__107)
# Loading /ubc/ece/home/gl/grads/carolinew/intelFPGA_lite/19.1/modelsim_ase/altera/verilog/cyclonev.cyclonev_lcell_comb(fast__108)
# Loading /ubc/ece/home/gl/grads/carolinew/intelFPGA_lite/19.1/modelsim_ase/altera/verilog/cyclonev.cyclonev_lcell_comb(fast__109)
# Loading /ubc/ece/home/gl/grads/carolinew/intelFPGA_lite/19.1/modelsim_ase/altera/verilog/cyclonev.cyclonev_lcell_comb(fast__110)
# Loading /ubc/ece/home/gl/grads/carolinew/intelFPGA_lite/19.1/modelsim_ase/altera/verilog/cyclonev.cyclonev_lcell_comb(fast__111)
# Loading /ubc/ece/home/gl/grads/carolinew/intelFPGA_lite/19.1/modelsim_ase/altera/verilog/cyclonev.cyclonev_lcell_comb(fast__112)
# Loading /ubc/ece/home/gl/grads/carolinew/intelFPGA_lite/19.1/modelsim_ase/altera/verilog/cyclonev.cyclonev_lcell_comb(fast__113)
# Loading /ubc/ece/home/gl/grads/carolinew/intelFPGA_lite/19.1/modelsim_ase/altera/verilog/cyclonev.cyclonev_lcell_comb(fast__114)
# Loading /ubc/ece/home/gl/grads/carolinew/intelFPGA_lite/19.1/modelsim_ase/altera/verilog/cyclonev.cyclonev_lcell_comb(fast__115)
# Loading /ubc/ece/home/gl/grads/carolinew/intelFPGA_lite/19.1/modelsim_ase/altera/verilog/cyclonev.cyclonev_lcell_comb(fast__116)
# Loading /ubc/ece/home/gl/grads/carolinew/intelFPGA_lite/19.1/modelsim_ase/altera/verilog/cyclonev.cyclonev_lcell_comb(fast__117)
# Loading /ubc/ece/home/gl/grads/carolinew/intelFPGA_lite/19.1/modelsim_ase/altera/verilog/cyclonev.cyclonev_lcell_comb(fast__118)
# Loading /ubc/ece/home/gl/grads/carolinew/intelFPGA_lite/19.1/modelsim_ase/altera/verilog/cyclonev.cyclonev_lcell_comb(fast__119)
# Loading /ubc/ece/home/gl/grads/carolinew/intelFPGA_lite/19.1/modelsim_ase/altera/verilog/cyclonev.cyclonev_lcell_comb(fast__120)
# Loading /ubc/ece/home/gl/grads/carolinew/intelFPGA_lite/19.1/modelsim_ase/altera/verilog/cyclonev.cyclonev_lcell_comb(fast__121)
# Loading /ubc/ece/home/gl/grads/carolinew/intelFPGA_lite/19.1/modelsim_ase/altera/verilog/cyclonev.cyclonev_lcell_comb(fast__122)
# Loading /ubc/ece/home/gl/grads/carolinew/intelFPGA_lite/19.1/modelsim_ase/altera/verilog/cyclonev.cyclonev_lcell_comb(fast__123)
# Loading /ubc/ece/home/gl/grads/carolinew/intelFPGA_lite/19.1/modelsim_ase/altera/verilog/cyclonev.cyclonev_lcell_comb(fast__124)
# Loading /ubc/ece/home/gl/grads/carolinew/intelFPGA_lite/19.1/modelsim_ase/altera/verilog/cyclonev.cyclonev_lcell_comb(fast__125)
# Loading /ubc/ece/home/gl/grads/carolinew/intelFPGA_lite/19.1/modelsim_ase/altera/verilog/cyclonev.cyclonev_lcell_comb(fast__126)
# Loading /ubc/ece/home/gl/grads/carolinew/intelFPGA_lite/19.1/modelsim_ase/altera/verilog/cyclonev.cyclonev_lcell_comb(fast__127)
# Loading /ubc/ece/home/gl/grads/carolinew/intelFPGA_lite/19.1/modelsim_ase/altera/verilog/cyclonev.cyclonev_lcell_comb(fast__128)
# Loading /ubc/ece/home/gl/grads/carolinew/intelFPGA_lite/19.1/modelsim_ase/altera/verilog/cyclonev.cyclonev_lcell_comb(fast__129)
# Loading /ubc/ece/home/gl/grads/carolinew/intelFPGA_lite/19.1/modelsim_ase/altera/verilog/cyclonev.cyclonev_lcell_comb(fast__130)
# Loading /ubc/ece/home/gl/grads/carolinew/intelFPGA_lite/19.1/modelsim_ase/altera/verilog/cyclonev.cyclonev_lcell_comb(fast__131)
# Loading /ubc/ece/home/gl/grads/carolinew/intelFPGA_lite/19.1/modelsim_ase/altera/verilog/cyclonev.cyclonev_lcell_comb(fast__132)
# Loading /ubc/ece/home/gl/grads/carolinew/intelFPGA_lite/19.1/modelsim_ase/altera/verilog/cyclonev.cyclonev_lcell_comb(fast__133)
# Loading /ubc/ece/home/gl/grads/carolinew/intelFPGA_lite/19.1/modelsim_ase/altera/verilog/cyclonev.cyclonev_lcell_comb(fast__134)
# Loading /ubc/ece/home/gl/grads/carolinew/intelFPGA_lite/19.1/modelsim_ase/altera/verilog/cyclonev.cyclonev_lcell_comb(fast__135)
# Loading /ubc/ece/home/gl/grads/carolinew/intelFPGA_lite/19.1/modelsim_ase/altera/verilog/cyclonev.cyclonev_lcell_comb(fast__136)
# Loading /ubc/ece/home/gl/grads/carolinew/intelFPGA_lite/19.1/modelsim_ase/altera/verilog/cyclonev.cyclonev_lcell_comb(fast__137)
# Loading /ubc/ece/home/gl/grads/carolinew/intelFPGA_lite/19.1/modelsim_ase/altera/verilog/cyclonev.cyclonev_lcell_comb(fast__138)
# Loading /ubc/ece/home/gl/grads/carolinew/intelFPGA_lite/19.1/modelsim_ase/altera/verilog/cyclonev.cyclonev_lcell_comb(fast__139)
# Loading /ubc/ece/home/gl/grads/carolinew/intelFPGA_lite/19.1/modelsim_ase/altera/verilog/cyclonev.cyclonev_lcell_comb(fast__140)
# Loading /ubc/ece/home/gl/grads/carolinew/intelFPGA_lite/19.1/modelsim_ase/altera/verilog/cyclonev.cyclonev_lcell_comb(fast__141)
# Loading /ubc/ece/home/gl/grads/carolinew/intelFPGA_lite/19.1/modelsim_ase/altera/verilog/cyclonev.cyclonev_lcell_comb(fast__142)
# Loading /ubc/ece/home/gl/grads/carolinew/intelFPGA_lite/19.1/modelsim_ase/altera/verilog/cyclonev.cyclonev_lcell_comb(fast__143)
# Loading /ubc/ece/home/gl/grads/carolinew/intelFPGA_lite/19.1/modelsim_ase/altera/verilog/cyclonev.cyclonev_lcell_comb(fast__144)
# Loading /ubc/ece/home/gl/grads/carolinew/intelFPGA_lite/19.1/modelsim_ase/altera/verilog/cyclonev.cyclonev_lcell_comb(fast__145)
# Loading /ubc/ece/home/gl/grads/carolinew/intelFPGA_lite/19.1/modelsim_ase/altera/verilog/cyclonev.cyclonev_lcell_comb(fast__146)
# Loading /ubc/ece/home/gl/grads/carolinew/intelFPGA_lite/19.1/modelsim_ase/altera/verilog/cyclonev.cyclonev_lcell_comb(fast__147)
# Loading /ubc/ece/home/gl/grads/carolinew/intelFPGA_lite/19.1/modelsim_ase/altera/verilog/cyclonev.cyclonev_lcell_comb(fast__148)
# Loading /ubc/ece/home/gl/grads/carolinew/intelFPGA_lite/19.1/modelsim_ase/altera/verilog/cyclonev.cyclonev_lcell_comb(fast__149)
# Loading /ubc/ece/home/gl/grads/carolinew/intelFPGA_lite/19.1/modelsim_ase/altera/verilog/cyclonev.cyclonev_lcell_comb(fast__150)
# Loading /ubc/ece/home/gl/grads/carolinew/intelFPGA_lite/19.1/modelsim_ase/altera/verilog/cyclonev.cyclonev_lcell_comb(fast__151)
# Loading /ubc/ece/home/gl/grads/carolinew/intelFPGA_lite/19.1/modelsim_ase/altera/verilog/cyclonev.cyclonev_lcell_comb(fast__152)
# Loading /ubc/ece/home/gl/grads/carolinew/intelFPGA_lite/19.1/modelsim_ase/altera/verilog/cyclonev.cyclonev_lcell_comb(fast__153)
# Loading /ubc/ece/home/gl/grads/carolinew/intelFPGA_lite/19.1/modelsim_ase/altera/verilog/cyclonev.cyclonev_lcell_comb(fast__154)
# Loading /ubc/ece/home/gl/grads/carolinew/intelFPGA_lite/19.1/modelsim_ase/altera/verilog/cyclonev.cyclonev_lcell_comb(fast__155)
# Loading /ubc/ece/home/gl/grads/carolinew/intelFPGA_lite/19.1/modelsim_ase/altera/verilog/cyclonev.cyclonev_lcell_comb(fast__156)
# Loading /ubc/ece/home/gl/grads/carolinew/intelFPGA_lite/19.1/modelsim_ase/altera/verilog/cyclonev.cyclonev_lcell_comb(fast__157)
# Loading /ubc/ece/home/gl/grads/carolinew/intelFPGA_lite/19.1/modelsim_ase/altera/verilog/cyclonev.cyclonev_lcell_comb(fast__158)
# Loading /ubc/ece/home/gl/grads/carolinew/intelFPGA_lite/19.1/modelsim_ase/altera/verilog/cyclonev.cyclonev_lcell_comb(fast__159)
# Loading /ubc/ece/home/gl/grads/carolinew/intelFPGA_lite/19.1/modelsim_ase/altera/verilog/cyclonev.cyclonev_lcell_comb(fast__160)
# Loading /ubc/ece/home/gl/grads/carolinew/intelFPGA_lite/19.1/modelsim_ase/altera/verilog/cyclonev.cyclonev_lcell_comb(fast__161)
# Loading /ubc/ece/home/gl/grads/carolinew/intelFPGA_lite/19.1/modelsim_ase/altera/verilog/cyclonev.cyclonev_lcell_comb(fast__162)
# Loading /ubc/ece/home/gl/grads/carolinew/intelFPGA_lite/19.1/modelsim_ase/altera/verilog/cyclonev.cyclonev_lcell_comb(fast__163)
# Loading /ubc/ece/home/gl/grads/carolinew/intelFPGA_lite/19.1/modelsim_ase/altera/verilog/cyclonev.cyclonev_lcell_comb(fast__164)
# Loading /ubc/ece/home/gl/grads/carolinew/intelFPGA_lite/19.1/modelsim_ase/altera/verilog/cyclonev.cyclonev_lcell_comb(fast__165)
# Loading /ubc/ece/home/gl/grads/carolinew/intelFPGA_lite/19.1/modelsim_ase/altera/verilog/cyclonev.cyclonev_lcell_comb(fast__166)
# Loading /ubc/ece/home/gl/grads/carolinew/intelFPGA_lite/19.1/modelsim_ase/altera/verilog/cyclonev.cyclonev_lcell_comb(fast__167)
# Loading /ubc/ece/home/gl/grads/carolinew/intelFPGA_lite/19.1/modelsim_ase/altera/verilog/cyclonev.cyclonev_lcell_comb(fast__168)
# Loading /ubc/ece/home/gl/grads/carolinew/intelFPGA_lite/19.1/modelsim_ase/altera/verilog/cyclonev.cyclonev_lcell_comb(fast__169)
# Loading /ubc/ece/home/gl/grads/carolinew/intelFPGA_lite/19.1/modelsim_ase/altera/verilog/cyclonev.cyclonev_lcell_comb(fast__170)
# Loading /ubc/ece/home/gl/grads/carolinew/intelFPGA_lite/19.1/modelsim_ase/altera/verilog/cyclonev.cyclonev_lcell_comb(fast__171)
# Loading /ubc/ece/home/gl/grads/carolinew/intelFPGA_lite/19.1/modelsim_ase/altera/verilog/cyclonev.cyclonev_lcell_comb(fast__172)
# Loading /ubc/ece/home/gl/grads/carolinew/intelFPGA_lite/19.1/modelsim_ase/altera/verilog/cyclonev.cyclonev_lcell_comb(fast__173)
# Loading /ubc/ece/home/gl/grads/carolinew/intelFPGA_lite/19.1/modelsim_ase/altera/verilog/cyclonev.cyclonev_lcell_comb(fast__174)
# Loading /ubc/ece/home/gl/grads/carolinew/intelFPGA_lite/19.1/modelsim_ase/altera/verilog/cyclonev.cyclonev_lcell_comb(fast__175)
# Loading /ubc/ece/home/gl/grads/carolinew/intelFPGA_lite/19.1/modelsim_ase/altera/verilog/cyclonev.cyclonev_lcell_comb(fast__176)
# Loading /ubc/ece/home/gl/grads/carolinew/intelFPGA_lite/19.1/modelsim_ase/altera/verilog/cyclonev.cyclonev_lcell_comb(fast__177)
# Loading /ubc/ece/home/gl/grads/carolinew/intelFPGA_lite/19.1/modelsim_ase/altera/verilog/cyclonev.cyclonev_lcell_comb(fast__178)
# Loading /ubc/ece/home/gl/grads/carolinew/intelFPGA_lite/19.1/modelsim_ase/altera/verilog/cyclonev.cyclonev_lcell_comb(fast__179)
# Loading /ubc/ece/home/gl/grads/carolinew/intelFPGA_lite/19.1/modelsim_ase/altera/verilog/cyclonev.cyclonev_lcell_comb(fast__180)
# Loading /ubc/ece/home/gl/grads/carolinew/intelFPGA_lite/19.1/modelsim_ase/altera/verilog/cyclonev.cyclonev_lcell_comb(fast__181)
# Loading /ubc/ece/home/gl/grads/carolinew/intelFPGA_lite/19.1/modelsim_ase/altera/verilog/cyclonev.cyclonev_lcell_comb(fast__182)
# Loading /ubc/ece/home/gl/grads/carolinew/intelFPGA_lite/19.1/modelsim_ase/altera/verilog/cyclonev.cyclonev_lcell_comb(fast__183)
# Loading /ubc/ece/home/gl/grads/carolinew/intelFPGA_lite/19.1/modelsim_ase/altera/verilog/cyclonev.cyclonev_lcell_comb(fast__184)
# Loading /ubc/ece/home/gl/grads/carolinew/intelFPGA_lite/19.1/modelsim_ase/altera/verilog/cyclonev.cyclonev_lcell_comb(fast__185)
# Loading /ubc/ece/home/gl/grads/carolinew/intelFPGA_lite/19.1/modelsim_ase/altera/verilog/cyclonev.cyclonev_lcell_comb(fast__186)
# Loading /ubc/ece/home/gl/grads/carolinew/intelFPGA_lite/19.1/modelsim_ase/altera/verilog/cyclonev.cyclonev_lcell_comb(fast__187)
# Loading /ubc/ece/home/gl/grads/carolinew/intelFPGA_lite/19.1/modelsim_ase/altera/verilog/cyclonev.cyclonev_lcell_comb(fast__188)
# Loading /ubc/ece/home/gl/grads/carolinew/intelFPGA_lite/19.1/modelsim_ase/altera/verilog/cyclonev.cyclonev_lcell_comb(fast__189)
# Loading /ubc/ece/home/gl/grads/carolinew/intelFPGA_lite/19.1/modelsim_ase/altera/verilog/cyclonev.cyclonev_lcell_comb(fast__190)
# Loading /ubc/ece/home/gl/grads/carolinew/intelFPGA_lite/19.1/modelsim_ase/altera/verilog/cyclonev.cyclonev_lcell_comb(fast__191)
# Loading /ubc/ece/home/gl/grads/carolinew/intelFPGA_lite/19.1/modelsim_ase/altera/verilog/cyclonev.cyclonev_lcell_comb(fast__192)
# Loading /ubc/ece/home/gl/grads/carolinew/intelFPGA_lite/19.1/modelsim_ase/altera/verilog/cyclonev.cyclonev_lcell_comb(fast__193)
# Loading /ubc/ece/home/gl/grads/carolinew/intelFPGA_lite/19.1/modelsim_ase/altera/verilog/cyclonev.cyclonev_lcell_comb(fast__194)
# Loading /ubc/ece/home/gl/grads/carolinew/intelFPGA_lite/19.1/modelsim_ase/altera/verilog/cyclonev.cyclonev_lcell_comb(fast__195)
# Loading /ubc/ece/home/gl/grads/carolinew/intelFPGA_lite/19.1/modelsim_ase/altera/verilog/cyclonev.cyclonev_lcell_comb(fast__196)
# Loading /ubc/ece/home/gl/grads/carolinew/intelFPGA_lite/19.1/modelsim_ase/altera/verilog/cyclonev.cyclonev_lcell_comb(fast__197)
# Loading /ubc/ece/home/gl/grads/carolinew/intelFPGA_lite/19.1/modelsim_ase/altera/verilog/cyclonev.cyclonev_lcell_comb(fast__198)
# Loading /ubc/ece/home/gl/grads/carolinew/intelFPGA_lite/19.1/modelsim_ase/altera/verilog/cyclonev.cyclonev_lcell_comb(fast__199)
# Loading /ubc/ece/home/gl/grads/carolinew/intelFPGA_lite/19.1/modelsim_ase/altera/verilog/cyclonev.cyclonev_lcell_comb(fast__200)
# Loading /ubc/ece/home/gl/grads/carolinew/intelFPGA_lite/19.1/modelsim_ase/altera/verilog/cyclonev.cyclonev_lcell_comb(fast__201)
# Loading /ubc/ece/home/gl/grads/carolinew/intelFPGA_lite/19.1/modelsim_ase/altera/verilog/cyclonev.cyclonev_lcell_comb(fast__202)
# Loading /ubc/ece/home/gl/grads/carolinew/intelFPGA_lite/19.1/modelsim_ase/altera/verilog/cyclonev.cyclonev_lcell_comb(fast__203)
# Loading /ubc/ece/home/gl/grads/carolinew/intelFPGA_lite/19.1/modelsim_ase/altera/verilog/cyclonev.cyclonev_lcell_comb(fast__204)
# Loading /ubc/ece/home/gl/grads/carolinew/intelFPGA_lite/19.1/modelsim_ase/altera/verilog/cyclonev.cyclonev_lcell_comb(fast__205)
# Loading /ubc/ece/home/gl/grads/carolinew/intelFPGA_lite/19.1/modelsim_ase/altera/verilog/cyclonev.cyclonev_lcell_comb(fast__206)
# Loading /ubc/ece/home/gl/grads/carolinew/intelFPGA_lite/19.1/modelsim_ase/altera/verilog/cyclonev.cyclonev_lcell_comb(fast__207)
# Loading /ubc/ece/home/gl/grads/carolinew/intelFPGA_lite/19.1/modelsim_ase/altera/verilog/cyclonev.cyclonev_lcell_comb(fast__208)
# Loading /ubc/ece/home/gl/grads/carolinew/intelFPGA_lite/19.1/modelsim_ase/altera/verilog/cyclonev.cyclonev_lcell_comb(fast__209)
# Loading /ubc/ece/home/gl/grads/carolinew/intelFPGA_lite/19.1/modelsim_ase/altera/verilog/cyclonev.cyclonev_lcell_comb(fast__210)
# Loading /ubc/ece/home/gl/grads/carolinew/intelFPGA_lite/19.1/modelsim_ase/altera/verilog/cyclonev.cyclonev_lcell_comb(fast__211)
# Loading /ubc/ece/home/gl/grads/carolinew/intelFPGA_lite/19.1/modelsim_ase/altera/verilog/cyclonev.cyclonev_lcell_comb(fast__212)
# Loading /ubc/ece/home/gl/grads/carolinew/intelFPGA_lite/19.1/modelsim_ase/altera/verilog/cyclonev.cyclonev_lcell_comb(fast__213)
# Loading /ubc/ece/home/gl/grads/carolinew/intelFPGA_lite/19.1/modelsim_ase/altera/verilog/cyclonev.cyclonev_lcell_comb(fast__214)
# Loading /ubc/ece/home/gl/grads/carolinew/intelFPGA_lite/19.1/modelsim_ase/altera/verilog/cyclonev.cyclonev_lcell_comb(fast__215)
# Loading /ubc/ece/home/gl/grads/carolinew/intelFPGA_lite/19.1/modelsim_ase/altera/verilog/cyclonev.cyclonev_lcell_comb(fast__216)
# Loading /ubc/ece/home/gl/grads/carolinew/intelFPGA_lite/19.1/modelsim_ase/altera/verilog/cyclonev.cyclonev_lcell_comb(fast__217)
# Loading /ubc/ece/home/gl/grads/carolinew/intelFPGA_lite/19.1/modelsim_ase/altera/verilog/cyclonev.cyclonev_lcell_comb(fast__218)
# Loading /ubc/ece/home/gl/grads/carolinew/intelFPGA_lite/19.1/modelsim_ase/altera/verilog/cyclonev.cyclonev_lcell_comb(fast__219)
# Loading /ubc/ece/home/gl/grads/carolinew/intelFPGA_lite/19.1/modelsim_ase/altera/verilog/cyclonev.cyclonev_lcell_comb(fast__220)
# Loading /ubc/ece/home/gl/grads/carolinew/intelFPGA_lite/19.1/modelsim_ase/altera/verilog/cyclonev.cyclonev_lcell_comb(fast__221)
# Loading /ubc/ece/home/gl/grads/carolinew/intelFPGA_lite/19.1/modelsim_ase/altera/verilog/cyclonev.cyclonev_lcell_comb(fast__222)
# Loading /ubc/ece/home/gl/grads/carolinew/intelFPGA_lite/19.1/modelsim_ase/altera/verilog/cyclonev.cyclonev_lcell_comb(fast__223)
# Loading /ubc/ece/home/gl/grads/carolinew/intelFPGA_lite/19.1/modelsim_ase/altera/verilog/cyclonev.cyclonev_lcell_comb(fast__224)
# Loading /ubc/ece/home/gl/grads/carolinew/intelFPGA_lite/19.1/modelsim_ase/altera/verilog/cyclonev.cyclonev_lcell_comb(fast__225)
# Loading /ubc/ece/home/gl/grads/carolinew/intelFPGA_lite/19.1/modelsim_ase/altera/verilog/cyclonev.cyclonev_lcell_comb(fast__226)
# Loading /ubc/ece/home/gl/grads/carolinew/intelFPGA_lite/19.1/modelsim_ase/altera/verilog/cyclonev.cyclonev_lcell_comb(fast__227)
# Loading /ubc/ece/home/gl/grads/carolinew/intelFPGA_lite/19.1/modelsim_ase/altera/verilog/cyclonev.cyclonev_lcell_comb(fast__228)
# Loading /ubc/ece/home/gl/grads/carolinew/intelFPGA_lite/19.1/modelsim_ase/altera/verilog/cyclonev.cyclonev_lcell_comb(fast__229)
# Loading /ubc/ece/home/gl/grads/carolinew/intelFPGA_lite/19.1/modelsim_ase/altera/verilog/cyclonev.cyclonev_lcell_comb(fast__230)
# Loading /ubc/ece/home/gl/grads/carolinew/intelFPGA_lite/19.1/modelsim_ase/altera/verilog/cyclonev.cyclonev_lcell_comb(fast__231)
# Loading /ubc/ece/home/gl/grads/carolinew/intelFPGA_lite/19.1/modelsim_ase/altera/verilog/cyclonev.cyclonev_lcell_comb(fast__232)
# Loading /ubc/ece/home/gl/grads/carolinew/intelFPGA_lite/19.1/modelsim_ase/altera/verilog/cyclonev.cyclonev_lcell_comb(fast__233)
# Loading /ubc/ece/home/gl/grads/carolinew/intelFPGA_lite/19.1/modelsim_ase/altera/verilog/cyclonev.cyclonev_lcell_comb(fast__234)
# Loading /ubc/ece/home/gl/grads/carolinew/intelFPGA_lite/19.1/modelsim_ase/altera/verilog/cyclonev.cyclonev_lcell_comb(fast__235)
# Loading /ubc/ece/home/gl/grads/carolinew/intelFPGA_lite/19.1/modelsim_ase/altera/verilog/cyclonev.cyclonev_lcell_comb(fast__236)
# Loading /ubc/ece/home/gl/grads/carolinew/intelFPGA_lite/19.1/modelsim_ase/altera/verilog/cyclonev.cyclonev_lcell_comb(fast__237)
# Loading /ubc/ece/home/gl/grads/carolinew/intelFPGA_lite/19.1/modelsim_ase/altera/verilog/cyclonev.cyclonev_lcell_comb(fast__238)
# Loading /ubc/ece/home/gl/grads/carolinew/intelFPGA_lite/19.1/modelsim_ase/altera/verilog/cyclonev.cyclonev_lcell_comb(fast__239)
# Loading /ubc/ece/home/gl/grads/carolinew/intelFPGA_lite/19.1/modelsim_ase/altera/verilog/cyclonev.cyclonev_lcell_comb(fast__240)
# Loading /ubc/ece/home/gl/grads/carolinew/intelFPGA_lite/19.1/modelsim_ase/altera/verilog/cyclonev.cyclonev_lcell_comb(fast__241)
# Loading /ubc/ece/home/gl/grads/carolinew/intelFPGA_lite/19.1/modelsim_ase/altera/verilog/cyclonev.cyclonev_lcell_comb(fast__242)
# Loading /ubc/ece/home/gl/grads/carolinew/intelFPGA_lite/19.1/modelsim_ase/altera/verilog/cyclonev.cyclonev_lcell_comb(fast__243)
# Loading /ubc/ece/home/gl/grads/carolinew/intelFPGA_lite/19.1/modelsim_ase/altera/verilog/cyclonev.cyclonev_lcell_comb(fast__244)
# Loading /ubc/ece/home/gl/grads/carolinew/intelFPGA_lite/19.1/modelsim_ase/altera/verilog/cyclonev.cyclonev_lcell_comb(fast__245)
# Loading /ubc/ece/home/gl/grads/carolinew/intelFPGA_lite/19.1/modelsim_ase/altera/verilog/cyclonev.cyclonev_lcell_comb(fast__246)
# Loading /ubc/ece/home/gl/grads/carolinew/intelFPGA_lite/19.1/modelsim_ase/altera/verilog/cyclonev.cyclonev_lcell_comb(fast__247)
# Loading /ubc/ece/home/gl/grads/carolinew/intelFPGA_lite/19.1/modelsim_ase/altera/verilog/cyclonev.cyclonev_lcell_comb(fast__248)
# Loading /ubc/ece/home/gl/grads/carolinew/intelFPGA_lite/19.1/modelsim_ase/altera/verilog/cyclonev.cyclonev_lcell_comb(fast__249)
# Loading /ubc/ece/home/gl/grads/carolinew/intelFPGA_lite/19.1/modelsim_ase/altera/verilog/cyclonev.cyclonev_lcell_comb(fast__250)
# Loading /ubc/ece/home/gl/grads/carolinew/intelFPGA_lite/19.1/modelsim_ase/altera/verilog/cyclonev.cyclonev_lcell_comb(fast__251)
# Loading /ubc/ece/home/gl/grads/carolinew/intelFPGA_lite/19.1/modelsim_ase/altera/verilog/cyclonev.cyclonev_lcell_comb(fast__252)
# Loading /ubc/ece/home/gl/grads/carolinew/intelFPGA_lite/19.1/modelsim_ase/altera/verilog/cyclonev.cyclonev_lcell_comb(fast__253)
# Loading /ubc/ece/home/gl/grads/carolinew/intelFPGA_lite/19.1/modelsim_ase/altera/verilog/cyclonev.cyclonev_lcell_comb(fast__254)
# Loading /ubc/ece/home/gl/grads/carolinew/intelFPGA_lite/19.1/modelsim_ase/altera/verilog/cyclonev.cyclonev_lcell_comb(fast__255)
# Loading /ubc/ece/home/gl/grads/carolinew/intelFPGA_lite/19.1/modelsim_ase/altera/verilog/cyclonev.cyclonev_lcell_comb(fast__256)
# Loading /ubc/ece/home/gl/grads/carolinew/intelFPGA_lite/19.1/modelsim_ase/altera/verilog/cyclonev.cyclonev_lcell_comb(fast__257)
# Loading /ubc/ece/home/gl/grads/carolinew/intelFPGA_lite/19.1/modelsim_ase/altera/verilog/cyclonev.cyclonev_lcell_comb(fast__258)
# Loading /ubc/ece/home/gl/grads/carolinew/intelFPGA_lite/19.1/modelsim_ase/altera/verilog/cyclonev.cyclonev_lcell_comb(fast__259)
# Loading /ubc/ece/home/gl/grads/carolinew/intelFPGA_lite/19.1/modelsim_ase/altera/verilog/cyclonev.cyclonev_lcell_comb(fast__260)
# Loading /ubc/ece/home/gl/grads/carolinew/intelFPGA_lite/19.1/modelsim_ase/altera/verilog/cyclonev.cyclonev_lcell_comb(fast__261)
# Loading /ubc/ece/home/gl/grads/carolinew/intelFPGA_lite/19.1/modelsim_ase/altera/verilog/cyclonev.cyclonev_lcell_comb(fast__262)
# Loading /ubc/ece/home/gl/grads/carolinew/intelFPGA_lite/19.1/modelsim_ase/altera/verilog/cyclonev.cyclonev_lcell_comb(fast__263)
# Loading /ubc/ece/home/gl/grads/carolinew/intelFPGA_lite/19.1/modelsim_ase/altera/verilog/cyclonev.cyclonev_lcell_comb(fast__264)
# Loading /ubc/ece/home/gl/grads/carolinew/intelFPGA_lite/19.1/modelsim_ase/altera/verilog/cyclonev.cyclonev_lcell_comb(fast__265)
# Loading /ubc/ece/home/gl/grads/carolinew/intelFPGA_lite/19.1/modelsim_ase/altera/verilog/cyclonev.cyclonev_lcell_comb(fast__266)
# Loading /ubc/ece/home/gl/grads/carolinew/intelFPGA_lite/19.1/modelsim_ase/altera/verilog/cyclonev.cyclonev_lcell_comb(fast__267)
# Loading /ubc/ece/home/gl/grads/carolinew/intelFPGA_lite/19.1/modelsim_ase/altera/verilog/cyclonev.cyclonev_lcell_comb(fast__268)
# Loading /ubc/ece/home/gl/grads/carolinew/intelFPGA_lite/19.1/modelsim_ase/altera/verilog/cyclonev.cyclonev_lcell_comb(fast__269)
# Loading /ubc/ece/home/gl/grads/carolinew/intelFPGA_lite/19.1/modelsim_ase/altera/verilog/cyclonev.cyclonev_lcell_comb(fast__270)
# Loading /ubc/ece/home/gl/grads/carolinew/intelFPGA_lite/19.1/modelsim_ase/altera/verilog/cyclonev.cyclonev_lcell_comb(fast__271)
# Loading /ubc/ece/home/gl/grads/carolinew/intelFPGA_lite/19.1/modelsim_ase/altera/verilog/cyclonev.cyclonev_lcell_comb(fast__272)
# Loading /ubc/ece/home/gl/grads/carolinew/intelFPGA_lite/19.1/modelsim_ase/altera/verilog/cyclonev.cyclonev_lcell_comb(fast__273)
# Loading /ubc/ece/home/gl/grads/carolinew/intelFPGA_lite/19.1/modelsim_ase/altera/verilog/cyclonev.cyclonev_lcell_comb(fast__274)
# Loading /ubc/ece/home/gl/grads/carolinew/intelFPGA_lite/19.1/modelsim_ase/altera/verilog/cyclonev.cyclonev_lcell_comb(fast__275)
# Loading /ubc/ece/home/gl/grads/carolinew/intelFPGA_lite/19.1/modelsim_ase/altera/verilog/cyclonev.cyclonev_lcell_comb(fast__276)
# Loading /ubc/ece/home/gl/grads/carolinew/intelFPGA_lite/19.1/modelsim_ase/altera/verilog/cyclonev.cyclonev_lcell_comb(fast__277)
# Loading /ubc/ece/home/gl/grads/carolinew/intelFPGA_lite/19.1/modelsim_ase/altera/verilog/cyclonev.cyclonev_lcell_comb(fast__278)
# Loading /ubc/ece/home/gl/grads/carolinew/intelFPGA_lite/19.1/modelsim_ase/altera/verilog/cyclonev.cyclonev_lcell_comb(fast__279)
# Loading /ubc/ece/home/gl/grads/carolinew/intelFPGA_lite/19.1/modelsim_ase/altera/verilog/cyclonev.cyclonev_lcell_comb(fast__280)
# Loading /ubc/ece/home/gl/grads/carolinew/intelFPGA_lite/19.1/modelsim_ase/altera/verilog/cyclonev.cyclonev_lcell_comb(fast__281)
# Loading /ubc/ece/home/gl/grads/carolinew/intelFPGA_lite/19.1/modelsim_ase/altera/verilog/cyclonev.cyclonev_lcell_comb(fast__282)
# Loading /ubc/ece/home/gl/grads/carolinew/intelFPGA_lite/19.1/modelsim_ase/altera/verilog/cyclonev.cyclonev_lcell_comb(fast__283)
# Loading /ubc/ece/home/gl/grads/carolinew/intelFPGA_lite/19.1/modelsim_ase/altera/verilog/cyclonev.cyclonev_lcell_comb(fast__284)
# Loading /ubc/ece/home/gl/grads/carolinew/intelFPGA_lite/19.1/modelsim_ase/altera/verilog/cyclonev.cyclonev_lcell_comb(fast__285)
# Loading /ubc/ece/home/gl/grads/carolinew/intelFPGA_lite/19.1/modelsim_ase/altera/verilog/cyclonev.cyclonev_lcell_comb(fast__286)
# Loading /ubc/ece/home/gl/grads/carolinew/intelFPGA_lite/19.1/modelsim_ase/altera/verilog/cyclonev.cyclonev_lcell_comb(fast__287)
# Loading /ubc/ece/home/gl/grads/carolinew/intelFPGA_lite/19.1/modelsim_ase/altera/verilog/cyclonev.cyclonev_lcell_comb(fast__288)
# Loading /ubc/ece/home/gl/grads/carolinew/intelFPGA_lite/19.1/modelsim_ase/altera/verilog/cyclonev.cyclonev_lcell_comb(fast__289)
# Loading /ubc/ece/home/gl/grads/carolinew/intelFPGA_lite/19.1/modelsim_ase/altera/verilog/cyclonev.cyclonev_lcell_comb(fast__290)
# Loading /ubc/ece/home/gl/grads/carolinew/intelFPGA_lite/19.1/modelsim_ase/altera/verilog/cyclonev.cyclonev_lcell_comb(fast__291)
# Loading /ubc/ece/home/gl/grads/carolinew/intelFPGA_lite/19.1/modelsim_ase/altera/verilog/cyclonev.cyclonev_lcell_comb(fast__292)
# Loading /ubc/ece/home/gl/grads/carolinew/intelFPGA_lite/19.1/modelsim_ase/altera/verilog/cyclonev.cyclonev_lcell_comb(fast__293)
# Loading /ubc/ece/home/gl/grads/carolinew/intelFPGA_lite/19.1/modelsim_ase/altera/verilog/cyclonev.cyclonev_lcell_comb(fast__294)
# Loading /ubc/ece/home/gl/grads/carolinew/intelFPGA_lite/19.1/modelsim_ase/altera/verilog/cyclonev.cyclonev_lcell_comb(fast__295)
# Loading /ubc/ece/home/gl/grads/carolinew/intelFPGA_lite/19.1/modelsim_ase/altera/verilog/cyclonev.cyclonev_lcell_comb(fast__296)
# Loading /ubc/ece/home/gl/grads/carolinew/intelFPGA_lite/19.1/modelsim_ase/altera/verilog/cyclonev.cyclonev_lcell_comb(fast__297)
# Loading /ubc/ece/home/gl/grads/carolinew/intelFPGA_lite/19.1/modelsim_ase/altera/verilog/cyclonev.cyclonev_lcell_comb(fast__298)
# Loading /ubc/ece/home/gl/grads/carolinew/intelFPGA_lite/19.1/modelsim_ase/altera/verilog/cyclonev.cyclonev_lcell_comb(fast__299)
# Loading /ubc/ece/home/gl/grads/carolinew/intelFPGA_lite/19.1/modelsim_ase/altera/verilog/cyclonev.cyclonev_lcell_comb(fast__300)
# Loading /ubc/ece/home/gl/grads/carolinew/intelFPGA_lite/19.1/modelsim_ase/altera/verilog/cyclonev.cyclonev_lcell_comb(fast__301)
# Loading /ubc/ece/home/gl/grads/carolinew/intelFPGA_lite/19.1/modelsim_ase/altera/verilog/cyclonev.cyclonev_lcell_comb(fast__302)
# Loading /ubc/ece/home/gl/grads/carolinew/intelFPGA_lite/19.1/modelsim_ase/altera/verilog/cyclonev.cyclonev_lcell_comb(fast__303)
# Loading /ubc/ece/home/gl/grads/carolinew/intelFPGA_lite/19.1/modelsim_ase/altera/verilog/cyclonev.cyclonev_lcell_comb(fast__304)
# Loading /ubc/ece/home/gl/grads/carolinew/intelFPGA_lite/19.1/modelsim_ase/altera/verilog/cyclonev.cyclonev_lcell_comb(fast__305)
# Loading /ubc/ece/home/gl/grads/carolinew/intelFPGA_lite/19.1/modelsim_ase/altera/verilog/cyclonev.cyclonev_lcell_comb(fast__306)
# Loading /ubc/ece/home/gl/grads/carolinew/intelFPGA_lite/19.1/modelsim_ase/altera/verilog/cyclonev.cyclonev_lcell_comb(fast__307)
# Loading /ubc/ece/home/gl/grads/carolinew/intelFPGA_lite/19.1/modelsim_ase/altera/verilog/cyclonev.cyclonev_lcell_comb(fast__308)
# Loading /ubc/ece/home/gl/grads/carolinew/intelFPGA_lite/19.1/modelsim_ase/altera/verilog/cyclonev.cyclonev_lcell_comb(fast__309)
# Loading /ubc/ece/home/gl/grads/carolinew/intelFPGA_lite/19.1/modelsim_ase/altera/verilog/cyclonev.cyclonev_lcell_comb(fast__310)
# Loading /ubc/ece/home/gl/grads/carolinew/intelFPGA_lite/19.1/modelsim_ase/altera/verilog/cyclonev.cyclonev_lcell_comb(fast__311)
# Loading /ubc/ece/home/gl/grads/carolinew/intelFPGA_lite/19.1/modelsim_ase/altera/verilog/cyclonev.cyclonev_lcell_comb(fast__312)
# Loading /ubc/ece/home/gl/grads/carolinew/intelFPGA_lite/19.1/modelsim_ase/altera/verilog/cyclonev.cyclonev_lcell_comb(fast__313)
# Loading /ubc/ece/home/gl/grads/carolinew/intelFPGA_lite/19.1/modelsim_ase/altera/verilog/cyclonev.cyclonev_lcell_comb(fast__314)
# Loading /ubc/ece/home/gl/grads/carolinew/intelFPGA_lite/19.1/modelsim_ase/altera/verilog/cyclonev.cyclonev_lcell_comb(fast__315)
# Loading /ubc/ece/home/gl/grads/carolinew/intelFPGA_lite/19.1/modelsim_ase/altera/verilog/cyclonev.cyclonev_lcell_comb(fast__316)
# Loading /ubc/ece/home/gl/grads/carolinew/intelFPGA_lite/19.1/modelsim_ase/altera/verilog/cyclonev.cyclonev_lcell_comb(fast__317)
# Loading /ubc/ece/home/gl/grads/carolinew/intelFPGA_lite/19.1/modelsim_ase/altera/verilog/cyclonev.cyclonev_lcell_comb(fast__318)
# Loading /ubc/ece/home/gl/grads/carolinew/intelFPGA_lite/19.1/modelsim_ase/altera/verilog/cyclonev.cyclonev_lcell_comb(fast__319)
# Loading /ubc/ece/home/gl/grads/carolinew/intelFPGA_lite/19.1/modelsim_ase/altera/verilog/cyclonev.cyclonev_lcell_comb(fast__320)
# Loading /ubc/ece/home/gl/grads/carolinew/intelFPGA_lite/19.1/modelsim_ase/altera/verilog/cyclonev.cyclonev_lcell_comb(fast__321)
# Loading /ubc/ece/home/gl/grads/carolinew/intelFPGA_lite/19.1/modelsim_ase/altera/verilog/cyclonev.cyclonev_lcell_comb(fast__322)
# Loading /ubc/ece/home/gl/grads/carolinew/intelFPGA_lite/19.1/modelsim_ase/altera/verilog/cyclonev.cyclonev_lcell_comb(fast__323)
# Loading /ubc/ece/home/gl/grads/carolinew/intelFPGA_lite/19.1/modelsim_ase/altera/verilog/cyclonev.cyclonev_lcell_comb(fast__324)
# Loading /ubc/ece/home/gl/grads/carolinew/intelFPGA_lite/19.1/modelsim_ase/altera/verilog/cyclonev.cyclonev_lcell_comb(fast__325)
# Loading /ubc/ece/home/gl/grads/carolinew/intelFPGA_lite/19.1/modelsim_ase/altera/verilog/cyclonev.cyclonev_lcell_comb(fast__326)
# Loading /ubc/ece/home/gl/grads/carolinew/intelFPGA_lite/19.1/modelsim_ase/altera/verilog/cyclonev.cyclonev_lcell_comb(fast__327)
# Loading /ubc/ece/home/gl/grads/carolinew/intelFPGA_lite/19.1/modelsim_ase/altera/verilog/cyclonev.cyclonev_lcell_comb(fast__328)
# Loading /ubc/ece/home/gl/grads/carolinew/intelFPGA_lite/19.1/modelsim_ase/altera/verilog/cyclonev.cyclonev_lcell_comb(fast__329)
# Loading /ubc/ece/home/gl/grads/carolinew/intelFPGA_lite/19.1/modelsim_ase/altera/verilog/cyclonev.cyclonev_lcell_comb(fast__330)
# Loading /ubc/ece/home/gl/grads/carolinew/intelFPGA_lite/19.1/modelsim_ase/altera/verilog/cyclonev.cyclonev_lcell_comb(fast__331)
# Loading /ubc/ece/home/gl/grads/carolinew/intelFPGA_lite/19.1/modelsim_ase/altera/verilog/cyclonev.cyclonev_lcell_comb(fast__332)
# Loading /ubc/ece/home/gl/grads/carolinew/intelFPGA_lite/19.1/modelsim_ase/altera/verilog/cyclonev.cyclonev_lcell_comb(fast__333)
# Loading /ubc/ece/home/gl/grads/carolinew/intelFPGA_lite/19.1/modelsim_ase/altera/verilog/cyclonev.cyclonev_lcell_comb(fast__334)
# Loading /ubc/ece/home/gl/grads/carolinew/intelFPGA_lite/19.1/modelsim_ase/altera/verilog/cyclonev.cyclonev_lcell_comb(fast__335)
# Loading /ubc/ece/home/gl/grads/carolinew/intelFPGA_lite/19.1/modelsim_ase/altera/verilog/cyclonev.cyclonev_lcell_comb(fast__336)
# Loading /ubc/ece/home/gl/grads/carolinew/intelFPGA_lite/19.1/modelsim_ase/altera/verilog/cyclonev.cyclonev_lcell_comb(fast__337)
# Loading /ubc/ece/home/gl/grads/carolinew/intelFPGA_lite/19.1/modelsim_ase/altera/verilog/cyclonev.cyclonev_lcell_comb(fast__338)
# Loading /ubc/ece/home/gl/grads/carolinew/intelFPGA_lite/19.1/modelsim_ase/altera/verilog/cyclonev.cyclonev_lcell_comb(fast__339)
# Loading /ubc/ece/home/gl/grads/carolinew/intelFPGA_lite/19.1/modelsim_ase/altera/verilog/cyclonev.cyclonev_lcell_comb(fast__340)
# Loading /ubc/ece/home/gl/grads/carolinew/intelFPGA_lite/19.1/modelsim_ase/altera/verilog/cyclonev.cyclonev_lcell_comb(fast__341)
# Loading /ubc/ece/home/gl/grads/carolinew/intelFPGA_lite/19.1/modelsim_ase/altera/verilog/cyclonev.cyclonev_lcell_comb(fast__342)
# Loading /ubc/ece/home/gl/grads/carolinew/intelFPGA_lite/19.1/modelsim_ase/altera/verilog/cyclonev.cyclonev_lcell_comb(fast__343)
# Loading /ubc/ece/home/gl/grads/carolinew/intelFPGA_lite/19.1/modelsim_ase/altera/verilog/cyclonev.cyclonev_lcell_comb(fast__344)
# Loading /ubc/ece/home/gl/grads/carolinew/intelFPGA_lite/19.1/modelsim_ase/altera/verilog/cyclonev.cyclonev_lcell_comb(fast__345)
# Loading /ubc/ece/home/gl/grads/carolinew/intelFPGA_lite/19.1/modelsim_ase/altera/verilog/cyclonev.cyclonev_lcell_comb(fast__346)
# Loading /ubc/ece/home/gl/grads/carolinew/intelFPGA_lite/19.1/modelsim_ase/altera/verilog/cyclonev.cyclonev_lcell_comb(fast__347)
# Loading /ubc/ece/home/gl/grads/carolinew/intelFPGA_lite/19.1/modelsim_ase/altera/verilog/cyclonev.cyclonev_lcell_comb(fast__348)
# Loading /ubc/ece/home/gl/grads/carolinew/intelFPGA_lite/19.1/modelsim_ase/altera/verilog/cyclonev.cyclonev_lcell_comb(fast__349)
# Loading /ubc/ece/home/gl/grads/carolinew/intelFPGA_lite/19.1/modelsim_ase/altera/verilog/cyclonev.cyclonev_lcell_comb(fast__350)
# Loading /ubc/ece/home/gl/grads/carolinew/intelFPGA_lite/19.1/modelsim_ase/altera/verilog/cyclonev.cyclonev_lcell_comb(fast__351)
# Loading /ubc/ece/home/gl/grads/carolinew/intelFPGA_lite/19.1/modelsim_ase/altera/verilog/cyclonev.cyclonev_lcell_comb(fast__352)
# Loading /ubc/ece/home/gl/grads/carolinew/intelFPGA_lite/19.1/modelsim_ase/altera/verilog/cyclonev.cyclonev_lcell_comb(fast__353)
# Loading /ubc/ece/home/gl/grads/carolinew/intelFPGA_lite/19.1/modelsim_ase/altera/verilog/cyclonev.cyclonev_lcell_comb(fast__354)
# Loading /ubc/ece/home/gl/grads/carolinew/intelFPGA_lite/19.1/modelsim_ase/altera/verilog/cyclonev.cyclonev_lcell_comb(fast__355)
# Loading /ubc/ece/home/gl/grads/carolinew/intelFPGA_lite/19.1/modelsim_ase/altera/verilog/cyclonev.cyclonev_lcell_comb(fast__356)
# Loading /ubc/ece/home/gl/grads/carolinew/intelFPGA_lite/19.1/modelsim_ase/altera/verilog/cyclonev.cyclonev_lcell_comb(fast__357)
# Loading /ubc/ece/home/gl/grads/carolinew/intelFPGA_lite/19.1/modelsim_ase/altera/verilog/cyclonev.cyclonev_lcell_comb(fast__358)
# Loading /ubc/ece/home/gl/grads/carolinew/intelFPGA_lite/19.1/modelsim_ase/altera/verilog/cyclonev.cyclonev_lcell_comb(fast__359)
# Loading /ubc/ece/home/gl/grads/carolinew/intelFPGA_lite/19.1/modelsim_ase/altera/verilog/cyclonev.cyclonev_lcell_comb(fast__360)
# Loading /ubc/ece/home/gl/grads/carolinew/intelFPGA_lite/19.1/modelsim_ase/altera/verilog/cyclonev.cyclonev_lcell_comb(fast__361)
# Loading /ubc/ece/home/gl/grads/carolinew/intelFPGA_lite/19.1/modelsim_ase/altera/verilog/cyclonev.cyclonev_lcell_comb(fast__362)
# Loading /ubc/ece/home/gl/grads/carolinew/intelFPGA_lite/19.1/modelsim_ase/altera/verilog/cyclonev.cyclonev_lcell_comb(fast__363)
# Loading /ubc/ece/home/gl/grads/carolinew/intelFPGA_lite/19.1/modelsim_ase/altera/verilog/cyclonev.cyclonev_lcell_comb(fast__364)
# Loading /ubc/ece/home/gl/grads/carolinew/intelFPGA_lite/19.1/modelsim_ase/altera/verilog/cyclonev.cyclonev_lcell_comb(fast__365)
# Loading /ubc/ece/home/gl/grads/carolinew/intelFPGA_lite/19.1/modelsim_ase/altera/verilog/cyclonev.cyclonev_lcell_comb(fast__366)
# Loading /ubc/ece/home/gl/grads/carolinew/intelFPGA_lite/19.1/modelsim_ase/altera/verilog/cyclonev.cyclonev_lcell_comb(fast__367)
# Loading /ubc/ece/home/gl/grads/carolinew/intelFPGA_lite/19.1/modelsim_ase/altera/verilog/cyclonev.cyclonev_lcell_comb(fast__368)
# Loading /ubc/ece/home/gl/grads/carolinew/intelFPGA_lite/19.1/modelsim_ase/altera/verilog/cyclonev.cyclonev_lcell_comb(fast__369)
# Loading /ubc/ece/home/gl/grads/carolinew/intelFPGA_lite/19.1/modelsim_ase/altera/verilog/cyclonev.cyclonev_ram_block(fast)
# Loading /ubc/ece/home/gl/grads/carolinew/intelFPGA_lite/19.1/modelsim_ase/altera/verilog/altera_lnsim.generic_m10k(fast)
# Loading /ubc/ece/home/gl/grads/carolinew/intelFPGA_lite/19.1/modelsim_ase/altera/verilog/altera_lnsim.altera_lnsim_functions(fast)
# Loading /ubc/ece/home/gl/grads/carolinew/intelFPGA_lite/19.1/modelsim_ase/altera/verilog/altera_lnsim.common_28nm_ram_block(fast)
# Loading /ubc/ece/home/gl/grads/carolinew/intelFPGA_lite/19.1/modelsim_ase/altera/verilog/altera_lnsim.common_28nm_ram_register(fast)
# Loading /ubc/ece/home/gl/grads/carolinew/intelFPGA_lite/19.1/modelsim_ase/altera/verilog/altera_lnsim.common_28nm_ram_register(fast__1)
# Loading /ubc/ece/home/gl/grads/carolinew/intelFPGA_lite/19.1/modelsim_ase/altera/verilog/altera_lnsim.common_28nm_ram_register(fast__2)
# Loading /ubc/ece/home/gl/grads/carolinew/intelFPGA_lite/19.1/modelsim_ase/altera/verilog/altera_lnsim.common_28nm_ram_pulse_generator(fast)
# Loading /ubc/ece/home/gl/grads/carolinew/intelFPGA_lite/19.1/modelsim_ase/altera/verilog/cyclonev.cyclonev_lcell_comb(fast__370)
# Loading /ubc/ece/home/gl/grads/carolinew/intelFPGA_lite/19.1/modelsim_ase/altera/verilog/cyclonev.cyclonev_lcell_comb(fast__371)
# Loading /ubc/ece/home/gl/grads/carolinew/intelFPGA_lite/19.1/modelsim_ase/altera/verilog/cyclonev.cyclonev_lcell_comb(fast__372)
# Loading /ubc/ece/home/gl/grads/carolinew/intelFPGA_lite/19.1/modelsim_ase/altera/verilog/cyclonev.cyclonev_lcell_comb(fast__373)
# Loading /ubc/ece/home/gl/grads/carolinew/intelFPGA_lite/19.1/modelsim_ase/altera/verilog/cyclonev.cyclonev_lcell_comb(fast__374)
# Loading /ubc/ece/home/gl/grads/carolinew/intelFPGA_lite/19.1/modelsim_ase/altera/verilog/cyclonev.cyclonev_lcell_comb(fast__375)
# Loading /ubc/ece/home/gl/grads/carolinew/intelFPGA_lite/19.1/modelsim_ase/altera/verilog/cyclonev.cyclonev_lcell_comb(fast__376)
# Loading /ubc/ece/home/gl/grads/carolinew/intelFPGA_lite/19.1/modelsim_ase/altera/verilog/cyclonev.cyclonev_lcell_comb(fast__377)
# Loading /ubc/ece/home/gl/grads/carolinew/intelFPGA_lite/19.1/modelsim_ase/altera/verilog/cyclonev.cyclonev_lcell_comb(fast__378)
# Loading /ubc/ece/home/gl/grads/carolinew/intelFPGA_lite/19.1/modelsim_ase/altera/verilog/cyclonev.cyclonev_lcell_comb(fast__379)
# Loading /ubc/ece/home/gl/grads/carolinew/intelFPGA_lite/19.1/modelsim_ase/altera/verilog/cyclonev.cyclonev_lcell_comb(fast__380)
# Loading /ubc/ece/home/gl/grads/carolinew/intelFPGA_lite/19.1/modelsim_ase/altera/verilog/cyclonev.cyclonev_lcell_comb(fast__381)
# Loading /ubc/ece/home/gl/grads/carolinew/intelFPGA_lite/19.1/modelsim_ase/altera/verilog/cyclonev.cyclonev_lcell_comb(fast__382)
# Loading /ubc/ece/home/gl/grads/carolinew/intelFPGA_lite/19.1/modelsim_ase/altera/verilog/cyclonev.cyclonev_lcell_comb(fast__383)
# Loading /ubc/ece/home/gl/grads/carolinew/intelFPGA_lite/19.1/modelsim_ase/altera/verilog/cyclonev.cyclonev_lcell_comb(fast__384)
# Loading /ubc/ece/home/gl/grads/carolinew/intelFPGA_lite/19.1/modelsim_ase/altera/verilog/cyclonev.cyclonev_lcell_comb(fast__385)
# Loading /ubc/ece/home/gl/grads/carolinew/intelFPGA_lite/19.1/modelsim_ase/altera/verilog/cyclonev.cyclonev_lcell_comb(fast__386)
# Loading /ubc/ece/home/gl/grads/carolinew/intelFPGA_lite/19.1/modelsim_ase/altera/verilog/cyclonev.cyclonev_ram_block(fast__1)
# Loading /ubc/ece/home/gl/grads/carolinew/intelFPGA_lite/19.1/modelsim_ase/altera/verilog/altera_lnsim.generic_m10k(fast__1)
# Loading /ubc/ece/home/gl/grads/carolinew/intelFPGA_lite/19.1/modelsim_ase/altera/verilog/altera_lnsim.common_28nm_ram_block(fast__1)
# Loading /ubc/ece/home/gl/grads/carolinew/intelFPGA_lite/19.1/modelsim_ase/altera/verilog/altera_lnsim.common_28nm_ram_register(fast__3)
# Loading /ubc/ece/home/gl/grads/carolinew/intelFPGA_lite/19.1/modelsim_ase/altera/verilog/altera_lnsim.common_28nm_ram_pulse_generator(fast__1)
# Loading /ubc/ece/home/gl/grads/carolinew/intelFPGA_lite/19.1/modelsim_ase/altera/verilog/cyclonev.cyclonev_lcell_comb(fast__387)
# Loading /ubc/ece/home/gl/grads/carolinew/intelFPGA_lite/19.1/modelsim_ase/altera/verilog/cyclonev.cyclonev_lcell_comb(fast__388)
# Loading /ubc/ece/home/gl/grads/carolinew/intelFPGA_lite/19.1/modelsim_ase/altera/verilog/cyclonev.cyclonev_lcell_comb(fast__389)
# Loading /ubc/ece/home/gl/grads/carolinew/intelFPGA_lite/19.1/modelsim_ase/altera/verilog/cyclonev.cyclonev_lcell_comb(fast__390)
# Loading /ubc/ece/home/gl/grads/carolinew/intelFPGA_lite/19.1/modelsim_ase/altera/verilog/cyclonev.cyclonev_lcell_comb(fast__391)
# Loading /ubc/ece/home/gl/grads/carolinew/intelFPGA_lite/19.1/modelsim_ase/altera/verilog/cyclonev.cyclonev_lcell_comb(fast__392)
# Loading /ubc/ece/home/gl/grads/carolinew/intelFPGA_lite/19.1/modelsim_ase/altera/verilog/cyclonev.cyclonev_lcell_comb(fast__393)
# Loading /ubc/ece/home/gl/grads/carolinew/intelFPGA_lite/19.1/modelsim_ase/altera/verilog/cyclonev.cyclonev_lcell_comb(fast__394)
# Loading /ubc/ece/home/gl/grads/carolinew/intelFPGA_lite/19.1/modelsim_ase/altera/verilog/cyclonev.cyclonev_lcell_comb(fast__395)
# Loading /ubc/ece/home/gl/grads/carolinew/intelFPGA_lite/19.1/modelsim_ase/altera/verilog/cyclonev.cyclonev_lcell_comb(fast__396)
# Loading /ubc/ece/home/gl/grads/carolinew/intelFPGA_lite/19.1/modelsim_ase/altera/verilog/cyclonev.cyclonev_lcell_comb(fast__397)
# Loading /ubc/ece/home/gl/grads/carolinew/intelFPGA_lite/19.1/modelsim_ase/altera/verilog/cyclonev.cyclonev_lcell_comb(fast__398)
# Loading /ubc/ece/home/gl/grads/carolinew/intelFPGA_lite/19.1/modelsim_ase/altera/verilog/cyclonev.cyclonev_lcell_comb(fast__399)
# Loading /ubc/ece/home/gl/grads/carolinew/intelFPGA_lite/19.1/modelsim_ase/altera/verilog/cyclonev.cyclonev_lcell_comb(fast__400)
# Loading /ubc/ece/home/gl/grads/carolinew/intelFPGA_lite/19.1/modelsim_ase/altera/verilog/cyclonev.cyclonev_lcell_comb(fast__401)
# Loading /ubc/ece/home/gl/grads/carolinew/intelFPGA_lite/19.1/modelsim_ase/altera/verilog/cyclonev.cyclonev_lcell_comb(fast__402)
# Loading /ubc/ece/home/gl/grads/carolinew/intelFPGA_lite/19.1/modelsim_ase/altera/verilog/cyclonev.cyclonev_lcell_comb(fast__403)
# Loading /ubc/ece/home/gl/grads/carolinew/intelFPGA_lite/19.1/modelsim_ase/altera/verilog/cyclonev.cyclonev_lcell_comb(fast__404)
# Loading /ubc/ece/home/gl/grads/carolinew/intelFPGA_lite/19.1/modelsim_ase/altera/verilog/cyclonev.cyclonev_lcell_comb(fast__405)
# Loading /ubc/ece/home/gl/grads/carolinew/intelFPGA_lite/19.1/modelsim_ase/altera/verilog/cyclonev.cyclonev_lcell_comb(fast__406)
# Loading /ubc/ece/home/gl/grads/carolinew/intelFPGA_lite/19.1/modelsim_ase/altera/verilog/cyclonev.cyclonev_lcell_comb(fast__407)
# Loading /ubc/ece/home/gl/grads/carolinew/intelFPGA_lite/19.1/modelsim_ase/altera/verilog/cyclonev.cyclonev_lcell_comb(fast__408)
# Loading /ubc/ece/home/gl/grads/carolinew/intelFPGA_lite/19.1/modelsim_ase/altera/verilog/cyclonev.cyclonev_lcell_comb(fast__409)
# Loading /ubc/ece/home/gl/grads/carolinew/intelFPGA_lite/19.1/modelsim_ase/altera/verilog/cyclonev.cyclonev_lcell_comb(fast__410)
# Loading /ubc/ece/home/gl/grads/carolinew/intelFPGA_lite/19.1/modelsim_ase/altera/verilog/cyclonev.cyclonev_lcell_comb(fast__411)
# Loading /ubc/ece/home/gl/grads/carolinew/intelFPGA_lite/19.1/modelsim_ase/altera/verilog/cyclonev.cyclonev_lcell_comb(fast__412)
# Loading /ubc/ece/home/gl/grads/carolinew/intelFPGA_lite/19.1/modelsim_ase/altera/verilog/cyclonev.cyclonev_lcell_comb(fast__413)
# Loading /ubc/ece/home/gl/grads/carolinew/intelFPGA_lite/19.1/modelsim_ase/altera/verilog/cyclonev.cyclonev_lcell_comb(fast__414)
# Loading /ubc/ece/home/gl/grads/carolinew/intelFPGA_lite/19.1/modelsim_ase/altera/verilog/cyclonev.cyclonev_lcell_comb(fast__415)
# Loading /ubc/ece/home/gl/grads/carolinew/intelFPGA_lite/19.1/modelsim_ase/altera/verilog/cyclonev.cyclonev_lcell_comb(fast__416)
# Loading /ubc/ece/home/gl/grads/carolinew/intelFPGA_lite/19.1/modelsim_ase/altera/verilog/cyclonev.cyclonev_lcell_comb(fast__417)
# Loading /ubc/ece/home/gl/grads/carolinew/intelFPGA_lite/19.1/modelsim_ase/altera/verilog/cyclonev.cyclonev_lcell_comb(fast__418)
# Loading /ubc/ece/home/gl/grads/carolinew/intelFPGA_lite/19.1/modelsim_ase/altera/verilog/cyclonev.cyclonev_lcell_comb(fast__419)
# Loading /ubc/ece/home/gl/grads/carolinew/intelFPGA_lite/19.1/modelsim_ase/altera/verilog/cyclonev.cyclonev_lcell_comb(fast__420)
# Loading /ubc/ece/home/gl/grads/carolinew/intelFPGA_lite/19.1/modelsim_ase/altera/verilog/cyclonev.cyclonev_lcell_comb(fast__421)
# Loading /ubc/ece/home/gl/grads/carolinew/intelFPGA_lite/19.1/modelsim_ase/altera/verilog/cyclonev.cyclonev_lcell_comb(fast__422)
# Loading /ubc/ece/home/gl/grads/carolinew/intelFPGA_lite/19.1/modelsim_ase/altera/verilog/cyclonev.cyclonev_lcell_comb(fast__423)
# Loading /ubc/ece/home/gl/grads/carolinew/intelFPGA_lite/19.1/modelsim_ase/altera/verilog/cyclonev.cyclonev_lcell_comb(fast__424)
# Loading /ubc/ece/home/gl/grads/carolinew/intelFPGA_lite/19.1/modelsim_ase/altera/verilog/cyclonev.cyclonev_lcell_comb(fast__425)
# Loading /ubc/ece/home/gl/grads/carolinew/intelFPGA_lite/19.1/modelsim_ase/altera/verilog/cyclonev.cyclonev_lcell_comb(fast__426)
# Loading /ubc/ece/home/gl/grads/carolinew/intelFPGA_lite/19.1/modelsim_ase/altera/verilog/cyclonev.cyclonev_lcell_comb(fast__427)
# Loading /ubc/ece/home/gl/grads/carolinew/intelFPGA_lite/19.1/modelsim_ase/altera/verilog/cyclonev.cyclonev_lcell_comb(fast__428)
# Loading /ubc/ece/home/gl/grads/carolinew/intelFPGA_lite/19.1/modelsim_ase/altera/verilog/cyclonev.cyclonev_lcell_comb(fast__429)
# Loading /ubc/ece/home/gl/grads/carolinew/intelFPGA_lite/19.1/modelsim_ase/altera/verilog/cyclonev.cyclonev_lcell_comb(fast__430)
# Loading /ubc/ece/home/gl/grads/carolinew/intelFPGA_lite/19.1/modelsim_ase/altera/verilog/cyclonev.cyclonev_lcell_comb(fast__431)
# Loading /ubc/ece/home/gl/grads/carolinew/intelFPGA_lite/19.1/modelsim_ase/altera/verilog/cyclonev.cyclonev_lcell_comb(fast__432)
# Loading /ubc/ece/home/gl/grads/carolinew/intelFPGA_lite/19.1/modelsim_ase/altera/verilog/cyclonev.cyclonev_lcell_comb(fast__433)
# Loading /ubc/ece/home/gl/grads/carolinew/intelFPGA_lite/19.1/modelsim_ase/altera/verilog/cyclonev.cyclonev_lcell_comb(fast__434)
# Loading /ubc/ece/home/gl/grads/carolinew/intelFPGA_lite/19.1/modelsim_ase/altera/verilog/cyclonev.cyclonev_lcell_comb(fast__435)
# Loading /ubc/ece/home/gl/grads/carolinew/intelFPGA_lite/19.1/modelsim_ase/altera/verilog/cyclonev.cyclonev_lcell_comb(fast__436)
# Loading /ubc/ece/home/gl/grads/carolinew/intelFPGA_lite/19.1/modelsim_ase/altera/verilog/cyclonev.cyclonev_lcell_comb(fast__437)
# Loading /ubc/ece/home/gl/grads/carolinew/intelFPGA_lite/19.1/modelsim_ase/altera/verilog/cyclonev.cyclonev_lcell_comb(fast__438)
# Loading /ubc/ece/home/gl/grads/carolinew/intelFPGA_lite/19.1/modelsim_ase/altera/verilog/cyclonev.cyclonev_lcell_comb(fast__439)
# Loading /ubc/ece/home/gl/grads/carolinew/intelFPGA_lite/19.1/modelsim_ase/altera/verilog/cyclonev.cyclonev_lcell_comb(fast__440)
# Loading /ubc/ece/home/gl/grads/carolinew/intelFPGA_lite/19.1/modelsim_ase/altera/verilog/cyclonev.cyclonev_lcell_comb(fast__441)
# Loading /ubc/ece/home/gl/grads/carolinew/intelFPGA_lite/19.1/modelsim_ase/altera/verilog/cyclonev.cyclonev_lcell_comb(fast__442)
# Loading /ubc/ece/home/gl/grads/carolinew/intelFPGA_lite/19.1/modelsim_ase/altera/verilog/cyclonev.cyclonev_lcell_comb(fast__443)
# Loading /ubc/ece/home/gl/grads/carolinew/intelFPGA_lite/19.1/modelsim_ase/altera/verilog/cyclonev.cyclonev_lcell_comb(fast__444)
# Loading /ubc/ece/home/gl/grads/carolinew/intelFPGA_lite/19.1/modelsim_ase/altera/verilog/cyclonev.cyclonev_lcell_comb(fast__445)
# Loading /ubc/ece/home/gl/grads/carolinew/intelFPGA_lite/19.1/modelsim_ase/altera/verilog/cyclonev.cyclonev_lcell_comb(fast__446)
# Loading /ubc/ece/home/gl/grads/carolinew/intelFPGA_lite/19.1/modelsim_ase/altera/verilog/cyclonev.cyclonev_lcell_comb(fast__447)
# Loading /ubc/ece/home/gl/grads/carolinew/intelFPGA_lite/19.1/modelsim_ase/altera/verilog/cyclonev.cyclonev_lcell_comb(fast__448)
# Loading /ubc/ece/home/gl/grads/carolinew/intelFPGA_lite/19.1/modelsim_ase/altera/verilog/cyclonev.cyclonev_lcell_comb(fast__449)
# Loading /ubc/ece/home/gl/grads/carolinew/intelFPGA_lite/19.1/modelsim_ase/altera/verilog/cyclonev.cyclonev_lcell_comb(fast__450)
# Loading /ubc/ece/home/gl/grads/carolinew/intelFPGA_lite/19.1/modelsim_ase/altera/verilog/cyclonev.cyclonev_lcell_comb(fast__451)
# Loading /ubc/ece/home/gl/grads/carolinew/intelFPGA_lite/19.1/modelsim_ase/altera/verilog/cyclonev.cyclonev_lcell_comb(fast__452)
# Loading /ubc/ece/home/gl/grads/carolinew/intelFPGA_lite/19.1/modelsim_ase/altera/verilog/cyclonev.cyclonev_lcell_comb(fast__453)
# Loading /ubc/ece/home/gl/grads/carolinew/intelFPGA_lite/19.1/modelsim_ase/altera/verilog/cyclonev.cyclonev_lcell_comb(fast__454)
# Loading /ubc/ece/home/gl/grads/carolinew/intelFPGA_lite/19.1/modelsim_ase/altera/verilog/cyclonev.cyclonev_lcell_comb(fast__455)
# Loading /ubc/ece/home/gl/grads/carolinew/intelFPGA_lite/19.1/modelsim_ase/altera/verilog/cyclonev.cyclonev_lcell_comb(fast__456)
# Loading /ubc/ece/home/gl/grads/carolinew/intelFPGA_lite/19.1/modelsim_ase/altera/verilog/cyclonev.cyclonev_lcell_comb(fast__457)
# Loading /ubc/ece/home/gl/grads/carolinew/intelFPGA_lite/19.1/modelsim_ase/altera/verilog/cyclonev.cyclonev_lcell_comb(fast__458)
# Loading /ubc/ece/home/gl/grads/carolinew/intelFPGA_lite/19.1/modelsim_ase/altera/verilog/cyclonev.cyclonev_lcell_comb(fast__459)
# Loading /ubc/ece/home/gl/grads/carolinew/intelFPGA_lite/19.1/modelsim_ase/altera/verilog/cyclonev.cyclonev_lcell_comb(fast__460)
# Loading /ubc/ece/home/gl/grads/carolinew/intelFPGA_lite/19.1/modelsim_ase/altera/verilog/cyclonev.cyclonev_lcell_comb(fast__461)
# Loading /ubc/ece/home/gl/grads/carolinew/intelFPGA_lite/19.1/modelsim_ase/altera/verilog/cyclonev.cyclonev_lcell_comb(fast__462)
# Loading /ubc/ece/home/gl/grads/carolinew/intelFPGA_lite/19.1/modelsim_ase/altera/verilog/cyclonev.cyclonev_lcell_comb(fast__463)
# Loading /ubc/ece/home/gl/grads/carolinew/intelFPGA_lite/19.1/modelsim_ase/altera/verilog/cyclonev.cyclonev_lcell_comb(fast__464)
# Loading /ubc/ece/home/gl/grads/carolinew/intelFPGA_lite/19.1/modelsim_ase/altera/verilog/cyclonev.cyclonev_lcell_comb(fast__465)
# Loading /ubc/ece/home/gl/grads/carolinew/intelFPGA_lite/19.1/modelsim_ase/altera/verilog/cyclonev.cyclonev_lcell_comb(fast__466)
# Loading /ubc/ece/home/gl/grads/carolinew/intelFPGA_lite/19.1/modelsim_ase/altera/verilog/cyclonev.cyclonev_lcell_comb(fast__467)
# Loading /ubc/ece/home/gl/grads/carolinew/intelFPGA_lite/19.1/modelsim_ase/altera/verilog/cyclonev.cyclonev_lcell_comb(fast__468)
# Loading /ubc/ece/home/gl/grads/carolinew/intelFPGA_lite/19.1/modelsim_ase/altera/verilog/cyclonev.cyclonev_lcell_comb(fast__469)
# Loading /ubc/ece/home/gl/grads/carolinew/intelFPGA_lite/19.1/modelsim_ase/altera/verilog/cyclonev.cyclonev_lcell_comb(fast__470)
# Loading /ubc/ece/home/gl/grads/carolinew/intelFPGA_lite/19.1/modelsim_ase/altera/verilog/cyclonev.cyclonev_lcell_comb(fast__471)
# Loading /ubc/ece/home/gl/grads/carolinew/intelFPGA_lite/19.1/modelsim_ase/altera/verilog/cyclonev.cyclonev_lcell_comb(fast__472)
# Loading /ubc/ece/home/gl/grads/carolinew/intelFPGA_lite/19.1/modelsim_ase/altera/verilog/cyclonev.cyclonev_lcell_comb(fast__473)
# Loading /ubc/ece/home/gl/grads/carolinew/intelFPGA_lite/19.1/modelsim_ase/altera/verilog/cyclonev.cyclonev_lcell_comb(fast__474)
# Loading /ubc/ece/home/gl/grads/carolinew/intelFPGA_lite/19.1/modelsim_ase/altera/verilog/cyclonev.cyclonev_lcell_comb(fast__475)
# Loading /ubc/ece/home/gl/grads/carolinew/intelFPGA_lite/19.1/modelsim_ase/altera/verilog/cyclonev.cyclonev_lcell_comb(fast__476)
# Loading /ubc/ece/home/gl/grads/carolinew/intelFPGA_lite/19.1/modelsim_ase/altera/verilog/cyclonev.cyclonev_lcell_comb(fast__477)
# Loading /ubc/ece/home/gl/grads/carolinew/intelFPGA_lite/19.1/modelsim_ase/altera/verilog/cyclonev.cyclonev_lcell_comb(fast__478)
# Loading /ubc/ece/home/gl/grads/carolinew/intelFPGA_lite/19.1/modelsim_ase/altera/verilog/cyclonev.cyclonev_lcell_comb(fast__479)
# Loading /ubc/ece/home/gl/grads/carolinew/intelFPGA_lite/19.1/modelsim_ase/altera/verilog/cyclonev.cyclonev_lcell_comb(fast__480)
# Loading /ubc/ece/home/gl/grads/carolinew/intelFPGA_lite/19.1/modelsim_ase/altera/verilog/cyclonev.cyclonev_lcell_comb(fast__481)
# Loading /ubc/ece/home/gl/grads/carolinew/intelFPGA_lite/19.1/modelsim_ase/altera/verilog/cyclonev.cyclonev_lcell_comb(fast__482)
# Loading /ubc/ece/home/gl/grads/carolinew/intelFPGA_lite/19.1/modelsim_ase/altera/verilog/cyclonev.cyclonev_lcell_comb(fast__483)
# Loading /ubc/ece/home/gl/grads/carolinew/intelFPGA_lite/19.1/modelsim_ase/altera/verilog/cyclonev.cyclonev_lcell_comb(fast__484)
# Loading /ubc/ece/home/gl/grads/carolinew/intelFPGA_lite/19.1/modelsim_ase/altera/verilog/cyclonev.cyclonev_lcell_comb(fast__485)
# Loading /ubc/ece/home/gl/grads/carolinew/intelFPGA_lite/19.1/modelsim_ase/altera/verilog/cyclonev.cyclonev_lcell_comb(fast__486)
# Loading /ubc/ece/home/gl/grads/carolinew/intelFPGA_lite/19.1/modelsim_ase/altera/verilog/cyclonev.cyclonev_lcell_comb(fast__487)
# Loading /ubc/ece/home/gl/grads/carolinew/intelFPGA_lite/19.1/modelsim_ase/altera/verilog/cyclonev.cyclonev_lcell_comb(fast__488)
# Loading /ubc/ece/home/gl/grads/carolinew/intelFPGA_lite/19.1/modelsim_ase/altera/verilog/cyclonev.cyclonev_lcell_comb(fast__489)
# Loading /ubc/ece/home/gl/grads/carolinew/intelFPGA_lite/19.1/modelsim_ase/altera/verilog/cyclonev.cyclonev_lcell_comb(fast__490)
# Loading /ubc/ece/home/gl/grads/carolinew/intelFPGA_lite/19.1/modelsim_ase/altera/verilog/cyclonev.cyclonev_lcell_comb(fast__491)
# Loading /ubc/ece/home/gl/grads/carolinew/intelFPGA_lite/19.1/modelsim_ase/altera/verilog/cyclonev.cyclonev_lcell_comb(fast__492)
# Loading /ubc/ece/home/gl/grads/carolinew/intelFPGA_lite/19.1/modelsim_ase/altera/verilog/cyclonev.cyclonev_lcell_comb(fast__493)
# Loading /ubc/ece/home/gl/grads/carolinew/intelFPGA_lite/19.1/modelsim_ase/altera/verilog/cyclonev.cyclonev_lcell_comb(fast__494)
# Loading /ubc/ece/home/gl/grads/carolinew/intelFPGA_lite/19.1/modelsim_ase/altera/verilog/cyclonev.cyclonev_lcell_comb(fast__495)
# Loading /ubc/ece/home/gl/grads/carolinew/intelFPGA_lite/19.1/modelsim_ase/altera/verilog/cyclonev.cyclonev_lcell_comb(fast__496)
# Loading /ubc/ece/home/gl/grads/carolinew/intelFPGA_lite/19.1/modelsim_ase/altera/verilog/cyclonev.cyclonev_lcell_comb(fast__497)
# Loading /ubc/ece/home/gl/grads/carolinew/intelFPGA_lite/19.1/modelsim_ase/altera/verilog/cyclonev.cyclonev_lcell_comb(fast__498)
# Loading /ubc/ece/home/gl/grads/carolinew/intelFPGA_lite/19.1/modelsim_ase/altera/verilog/cyclonev.cyclonev_lcell_comb(fast__499)
# Loading /ubc/ece/home/gl/grads/carolinew/intelFPGA_lite/19.1/modelsim_ase/altera/verilog/cyclonev.cyclonev_lcell_comb(fast__500)
# Loading /ubc/ece/home/gl/grads/carolinew/intelFPGA_lite/19.1/modelsim_ase/altera/verilog/cyclonev.cyclonev_lcell_comb(fast__501)
# Loading /ubc/ece/home/gl/grads/carolinew/intelFPGA_lite/19.1/modelsim_ase/altera/verilog/cyclonev.cyclonev_lcell_comb(fast__502)
# Loading /ubc/ece/home/gl/grads/carolinew/intelFPGA_lite/19.1/modelsim_ase/altera/verilog/cyclonev.cyclonev_lcell_comb(fast__503)
# Loading /ubc/ece/home/gl/grads/carolinew/intelFPGA_lite/19.1/modelsim_ase/altera/verilog/cyclonev.cyclonev_lcell_comb(fast__504)
# Loading /ubc/ece/home/gl/grads/carolinew/intelFPGA_lite/19.1/modelsim_ase/altera/verilog/cyclonev.cyclonev_lcell_comb(fast__505)
# Loading /ubc/ece/home/gl/grads/carolinew/intelFPGA_lite/19.1/modelsim_ase/altera/verilog/cyclonev.cyclonev_lcell_comb(fast__506)
# Loading /ubc/ece/home/gl/grads/carolinew/intelFPGA_lite/19.1/modelsim_ase/altera/verilog/cyclonev.cyclonev_lcell_comb(fast__507)
# Loading /ubc/ece/home/gl/grads/carolinew/intelFPGA_lite/19.1/modelsim_ase/altera/verilog/cyclonev.cyclonev_lcell_comb(fast__508)
# Loading /ubc/ece/home/gl/grads/carolinew/intelFPGA_lite/19.1/modelsim_ase/altera/verilog/cyclonev.cyclonev_lcell_comb(fast__509)
# Loading /ubc/ece/home/gl/grads/carolinew/intelFPGA_lite/19.1/modelsim_ase/altera/verilog/cyclonev.cyclonev_lcell_comb(fast__510)
# Loading /ubc/ece/home/gl/grads/carolinew/intelFPGA_lite/19.1/modelsim_ase/altera/verilog/cyclonev.cyclonev_lcell_comb(fast__511)
# Loading /ubc/ece/home/gl/grads/carolinew/intelFPGA_lite/19.1/modelsim_ase/altera/verilog/cyclonev.cyclonev_lcell_comb(fast__512)
# Loading /ubc/ece/home/gl/grads/carolinew/intelFPGA_lite/19.1/modelsim_ase/altera/verilog/cyclonev.cyclonev_lcell_comb(fast__513)
# Loading /ubc/ece/home/gl/grads/carolinew/intelFPGA_lite/19.1/modelsim_ase/altera/verilog/cyclonev.cyclonev_lcell_comb(fast__514)
# Loading /ubc/ece/home/gl/grads/carolinew/intelFPGA_lite/19.1/modelsim_ase/altera/verilog/cyclonev.cyclonev_ram_block(fast__2)
# Loading /ubc/ece/home/gl/grads/carolinew/intelFPGA_lite/19.1/modelsim_ase/altera/verilog/cyclonev.cyclonev_lcell_comb(fast__515)
# Loading /ubc/ece/home/gl/grads/carolinew/intelFPGA_lite/19.1/modelsim_ase/altera/verilog/cyclonev.cyclonev_lcell_comb(fast__516)
# Loading /ubc/ece/home/gl/grads/carolinew/intelFPGA_lite/19.1/modelsim_ase/altera/verilog/cyclonev.cyclonev_lcell_comb(fast__517)
# Loading /ubc/ece/home/gl/grads/carolinew/intelFPGA_lite/19.1/modelsim_ase/altera/verilog/cyclonev.cyclonev_lcell_comb(fast__518)
# Loading /ubc/ece/home/gl/grads/carolinew/intelFPGA_lite/19.1/modelsim_ase/altera/verilog/cyclonev.cyclonev_lcell_comb(fast__519)
# Loading /ubc/ece/home/gl/grads/carolinew/intelFPGA_lite/19.1/modelsim_ase/altera/verilog/cyclonev.cyclonev_lcell_comb(fast__520)
# Loading /ubc/ece/home/gl/grads/carolinew/intelFPGA_lite/19.1/modelsim_ase/altera/verilog/cyclonev.cyclonev_lcell_comb(fast__521)
# Loading /ubc/ece/home/gl/grads/carolinew/intelFPGA_lite/19.1/modelsim_ase/altera/verilog/cyclonev.cyclonev_lcell_comb(fast__522)
# Loading /ubc/ece/home/gl/grads/carolinew/intelFPGA_lite/19.1/modelsim_ase/altera/verilog/cyclonev.cyclonev_lcell_comb(fast__523)
# Loading /ubc/ece/home/gl/grads/carolinew/intelFPGA_lite/19.1/modelsim_ase/altera/verilog/cyclonev.cyclonev_lcell_comb(fast__524)
# Loading /ubc/ece/home/gl/grads/carolinew/intelFPGA_lite/19.1/modelsim_ase/altera/verilog/cyclonev.cyclonev_lcell_comb(fast__525)
# Loading /ubc/ece/home/gl/grads/carolinew/intelFPGA_lite/19.1/modelsim_ase/altera/verilog/cyclonev.cyclonev_lcell_comb(fast__526)
# Loading /ubc/ece/home/gl/grads/carolinew/intelFPGA_lite/19.1/modelsim_ase/altera/verilog/cyclonev.cyclonev_lcell_comb(fast__527)
# Loading /ubc/ece/home/gl/grads/carolinew/intelFPGA_lite/19.1/modelsim_ase/altera/verilog/cyclonev.cyclonev_lcell_comb(fast__528)
# Loading /ubc/ece/home/gl/grads/carolinew/intelFPGA_lite/19.1/modelsim_ase/altera/verilog/cyclonev.cyclonev_lcell_comb(fast__529)
# Loading /ubc/ece/home/gl/grads/carolinew/intelFPGA_lite/19.1/modelsim_ase/altera/verilog/cyclonev.cyclonev_lcell_comb(fast__530)
# Loading /ubc/ece/home/gl/grads/carolinew/intelFPGA_lite/19.1/modelsim_ase/altera/verilog/cyclonev.cyclonev_lcell_comb(fast__531)
# Loading /ubc/ece/home/gl/grads/carolinew/intelFPGA_lite/19.1/modelsim_ase/altera/verilog/cyclonev.cyclonev_lcell_comb(fast__532)
# Loading /ubc/ece/home/gl/grads/carolinew/intelFPGA_lite/19.1/modelsim_ase/altera/verilog/cyclonev.cyclonev_lcell_comb(fast__533)
# Loading /ubc/ece/home/gl/grads/carolinew/intelFPGA_lite/19.1/modelsim_ase/altera/verilog/cyclonev.cyclonev_lcell_comb(fast__534)
# Loading /ubc/ece/home/gl/grads/carolinew/intelFPGA_lite/19.1/modelsim_ase/altera/verilog/cyclonev.cyclonev_lcell_comb(fast__535)
# Loading /ubc/ece/home/gl/grads/carolinew/intelFPGA_lite/19.1/modelsim_ase/altera/verilog/cyclonev.cyclonev_lcell_comb(fast__536)
# Loading /ubc/ece/home/gl/grads/carolinew/intelFPGA_lite/19.1/modelsim_ase/altera/verilog/cyclonev.cyclonev_lcell_comb(fast__537)
# Loading /ubc/ece/home/gl/grads/carolinew/intelFPGA_lite/19.1/modelsim_ase/altera/verilog/cyclonev.cyclonev_lcell_comb(fast__538)
# Loading /ubc/ece/home/gl/grads/carolinew/intelFPGA_lite/19.1/modelsim_ase/altera/verilog/cyclonev.cyclonev_lcell_comb(fast__539)
# Loading /ubc/ece/home/gl/grads/carolinew/intelFPGA_lite/19.1/modelsim_ase/altera/verilog/cyclonev.cyclonev_lcell_comb(fast__540)
# Loading /ubc/ece/home/gl/grads/carolinew/intelFPGA_lite/19.1/modelsim_ase/altera/verilog/cyclonev.cyclonev_lcell_comb(fast__541)
# Loading /ubc/ece/home/gl/grads/carolinew/intelFPGA_lite/19.1/modelsim_ase/altera/verilog/cyclonev.cyclonev_lcell_comb(fast__542)
# Loading /ubc/ece/home/gl/grads/carolinew/intelFPGA_lite/19.1/modelsim_ase/altera/verilog/cyclonev.cyclonev_lcell_comb(fast__543)
# Loading /ubc/ece/home/gl/grads/carolinew/intelFPGA_lite/19.1/modelsim_ase/altera/verilog/cyclonev.cyclonev_lcell_comb(fast__544)
# Loading /ubc/ece/home/gl/grads/carolinew/intelFPGA_lite/19.1/modelsim_ase/altera/verilog/cyclonev.cyclonev_lcell_comb(fast__545)
# Loading /ubc/ece/home/gl/grads/carolinew/intelFPGA_lite/19.1/modelsim_ase/altera/verilog/cyclonev.cyclonev_lcell_comb(fast__546)
# Loading /ubc/ece/home/gl/grads/carolinew/intelFPGA_lite/19.1/modelsim_ase/altera/verilog/cyclonev.cyclonev_lcell_comb(fast__547)
# Loading /ubc/ece/home/gl/grads/carolinew/intelFPGA_lite/19.1/modelsim_ase/altera/verilog/cyclonev.cyclonev_lcell_comb(fast__548)
# Loading /ubc/ece/home/gl/grads/carolinew/intelFPGA_lite/19.1/modelsim_ase/altera/verilog/cyclonev.cyclonev_lcell_comb(fast__549)
# Loading /ubc/ece/home/gl/grads/carolinew/intelFPGA_lite/19.1/modelsim_ase/altera/verilog/cyclonev.cyclonev_lcell_comb(fast__550)
# Loading /ubc/ece/home/gl/grads/carolinew/intelFPGA_lite/19.1/modelsim_ase/altera/verilog/cyclonev.cyclonev_lcell_comb(fast__551)
# Loading /ubc/ece/home/gl/grads/carolinew/intelFPGA_lite/19.1/modelsim_ase/altera/verilog/cyclonev.cyclonev_lcell_comb(fast__552)
# Loading /ubc/ece/home/gl/grads/carolinew/intelFPGA_lite/19.1/modelsim_ase/altera/verilog/cyclonev.cyclonev_lcell_comb(fast__553)
# Loading /ubc/ece/home/gl/grads/carolinew/intelFPGA_lite/19.1/modelsim_ase/altera/verilog/cyclonev.cyclonev_lcell_comb(fast__554)
# Loading /ubc/ece/home/gl/grads/carolinew/intelFPGA_lite/19.1/modelsim_ase/altera/verilog/cyclonev.cyclonev_lcell_comb(fast__555)
# Loading /ubc/ece/home/gl/grads/carolinew/intelFPGA_lite/19.1/modelsim_ase/altera/verilog/cyclonev.cyclonev_lcell_comb(fast__556)
# Loading /ubc/ece/home/gl/grads/carolinew/intelFPGA_lite/19.1/modelsim_ase/altera/verilog/cyclonev.cyclonev_lcell_comb(fast__557)
# Loading /ubc/ece/home/gl/grads/carolinew/intelFPGA_lite/19.1/modelsim_ase/altera/verilog/cyclonev.cyclonev_lcell_comb(fast__558)
# Loading /ubc/ece/home/gl/grads/carolinew/intelFPGA_lite/19.1/modelsim_ase/altera/verilog/cyclonev.cyclonev_lcell_comb(fast__559)
# Loading /ubc/ece/home/gl/grads/carolinew/intelFPGA_lite/19.1/modelsim_ase/altera/verilog/cyclonev.cyclonev_lcell_comb(fast__560)
# Loading /ubc/ece/home/gl/grads/carolinew/intelFPGA_lite/19.1/modelsim_ase/altera/verilog/cyclonev.cyclonev_lcell_comb(fast__561)
# Loading /ubc/ece/home/gl/grads/carolinew/intelFPGA_lite/19.1/modelsim_ase/altera/verilog/cyclonev.cyclonev_lcell_comb(fast__562)
# Loading /ubc/ece/home/gl/grads/carolinew/intelFPGA_lite/19.1/modelsim_ase/altera/verilog/cyclonev.cyclonev_lcell_comb(fast__563)
# Loading /ubc/ece/home/gl/grads/carolinew/intelFPGA_lite/19.1/modelsim_ase/altera/verilog/cyclonev.cyclonev_lcell_comb(fast__564)
# Loading /ubc/ece/home/gl/grads/carolinew/intelFPGA_lite/19.1/modelsim_ase/altera/verilog/cyclonev.cyclonev_lcell_comb(fast__565)
# Loading /ubc/ece/home/gl/grads/carolinew/intelFPGA_lite/19.1/modelsim_ase/altera/verilog/cyclonev.cyclonev_lcell_comb(fast__566)
# Loading /ubc/ece/home/gl/grads/carolinew/intelFPGA_lite/19.1/modelsim_ase/altera/verilog/cyclonev.cyclonev_lcell_comb(fast__567)
# Loading /ubc/ece/home/gl/grads/carolinew/intelFPGA_lite/19.1/modelsim_ase/altera/verilog/cyclonev.cyclonev_lcell_comb(fast__568)
# Loading /ubc/ece/home/gl/grads/carolinew/intelFPGA_lite/19.1/modelsim_ase/altera/verilog/cyclonev.cyclonev_lcell_comb(fast__569)
# Loading /ubc/ece/home/gl/grads/carolinew/intelFPGA_lite/19.1/modelsim_ase/altera/verilog/cyclonev.cyclonev_lcell_comb(fast__570)
# Loading /ubc/ece/home/gl/grads/carolinew/intelFPGA_lite/19.1/modelsim_ase/altera/verilog/cyclonev.cyclonev_lcell_comb(fast__571)
# Loading /ubc/ece/home/gl/grads/carolinew/intelFPGA_lite/19.1/modelsim_ase/altera/verilog/cyclonev.cyclonev_lcell_comb(fast__572)
# Loading /ubc/ece/home/gl/grads/carolinew/intelFPGA_lite/19.1/modelsim_ase/altera/verilog/cyclonev.cyclonev_lcell_comb(fast__573)
# Loading /ubc/ece/home/gl/grads/carolinew/intelFPGA_lite/19.1/modelsim_ase/altera/verilog/cyclonev.cyclonev_lcell_comb(fast__574)
# Loading /ubc/ece/home/gl/grads/carolinew/intelFPGA_lite/19.1/modelsim_ase/altera/verilog/cyclonev.cyclonev_lcell_comb(fast__575)
# Loading /ubc/ece/home/gl/grads/carolinew/intelFPGA_lite/19.1/modelsim_ase/altera/verilog/cyclonev.cyclonev_lcell_comb(fast__576)
# Loading /ubc/ece/home/gl/grads/carolinew/intelFPGA_lite/19.1/modelsim_ase/altera/verilog/cyclonev.cyclonev_lcell_comb(fast__577)
# Loading /ubc/ece/home/gl/grads/carolinew/intelFPGA_lite/19.1/modelsim_ase/altera/verilog/cyclonev.cyclonev_lcell_comb(fast__578)
# Loading /ubc/ece/home/gl/grads/carolinew/intelFPGA_lite/19.1/modelsim_ase/altera/verilog/cyclonev.cyclonev_lcell_comb(fast__579)
# Loading /ubc/ece/home/gl/grads/carolinew/intelFPGA_lite/19.1/modelsim_ase/altera/verilog/cyclonev.cyclonev_lcell_comb(fast__580)
# Loading /ubc/ece/home/gl/grads/carolinew/intelFPGA_lite/19.1/modelsim_ase/altera/verilog/cyclonev.cyclonev_lcell_comb(fast__581)
# Loading /ubc/ece/home/gl/grads/carolinew/intelFPGA_lite/19.1/modelsim_ase/altera/verilog/cyclonev.cyclonev_lcell_comb(fast__582)
# Loading /ubc/ece/home/gl/grads/carolinew/intelFPGA_lite/19.1/modelsim_ase/altera/verilog/cyclonev.cyclonev_lcell_comb(fast__583)
# vcd file crack.gate.vcd
# vcd add -r /crack_ag/dut/*
# run -all
# msg: DUT: task4.sv. Expectation: key_valid asserted.
# FAILED at t=202515
# msg: DUT: task4.sv. Expectation: expected key found. (Found in 100001 cycles)
# FAILED at t=202515
# ** Note: $stop    : crack_ag.sv(176)
#    Time: 202515 ps  Iteration: 1  Instance: /crack_ag
# Break at crack_ag.sv line 176
# Stopped at crack_ag.sv line 176
# quit
# End time: 10:29:48 on Nov 17,2020, Elapsed time: 0:00:31
# Errors: 0, Warnings: 13
